Component: ARM Compiler 5.06 update 1 (build 61) Tool: armlink [4d35a8]

==============================================================================

Section Cross References

    startup_stm32f103xb.o(STACK) refers (Special) to heapauxi.o(.text) for __use_two_region_memory
    startup_stm32f103xb.o(HEAP) refers (Special) to heapauxi.o(.text) for __use_two_region_memory
    startup_stm32f103xb.o(RESET) refers (Special) to heapauxi.o(.text) for __use_two_region_memory
    startup_stm32f103xb.o(RESET) refers to startup_stm32f103xb.o(STACK) for __initial_sp
    startup_stm32f103xb.o(RESET) refers to startup_stm32f103xb.o(.text) for Reset_Handler
    startup_stm32f103xb.o(RESET) refers to stm32f1xx_it.o(i.NMI_Handler) for NMI_Handler
    startup_stm32f103xb.o(RESET) refers to stm32f1xx_it.o(i.HardFault_Handler) for HardFault_Handler
    startup_stm32f103xb.o(RESET) refers to stm32f1xx_it.o(i.MemManage_Handler) for MemManage_Handler
    startup_stm32f103xb.o(RESET) refers to stm32f1xx_it.o(i.BusFault_Handler) for BusFault_Handler
    startup_stm32f103xb.o(RESET) refers to stm32f1xx_it.o(i.UsageFault_Handler) for UsageFault_Handler
    startup_stm32f103xb.o(RESET) refers to stm32f1xx_it.o(i.SVC_Handler) for SVC_Handler
    startup_stm32f103xb.o(RESET) refers to stm32f1xx_it.o(i.DebugMon_Handler) for DebugMon_Handler
    startup_stm32f103xb.o(RESET) refers to stm32f1xx_it.o(i.PendSV_Handler) for PendSV_Handler
    startup_stm32f103xb.o(RESET) refers to stm32f1xx_it.o(i.SysTick_Handler) for SysTick_Handler
    startup_stm32f103xb.o(RESET) refers to stm32f1xx_it.o(i.DMA1_Channel6_IRQHandler) for DMA1_Channel6_IRQHandler
    startup_stm32f103xb.o(RESET) refers to stm32f1xx_it.o(i.DMA1_Channel7_IRQHandler) for DMA1_Channel7_IRQHandler
    startup_stm32f103xb.o(RESET) refers to stm32f1xx_it.o(i.USART1_IRQHandler) for USART1_IRQHandler
    startup_stm32f103xb.o(.text) refers (Special) to heapauxi.o(.text) for __use_two_region_memory
    startup_stm32f103xb.o(.text) refers to system_stm32f1xx.o(i.SystemInit) for SystemInit
    startup_stm32f103xb.o(.text) refers to __main.o(!!!main) for __main
    startup_stm32f103xb.o(.text) refers to startup_stm32f103xb.o(HEAP) for Heap_Mem
    startup_stm32f103xb.o(.text) refers to startup_stm32f103xb.o(STACK) for Stack_Mem
    myi2c.o(i.AHT20_Init) refers to myi2c.o(i.Init_I2C_Sensor_Port) for Init_I2C_Sensor_Port
    myi2c.o(i.AHT20_Init) refers to myi2c.o(i.I2C_Start) for I2C_Start
    myi2c.o(i.AHT20_Init) refers to myi2c.o(i.AHT20_WR_Byte) for AHT20_WR_Byte
    myi2c.o(i.AHT20_Init) refers to myi2c.o(i.Receive_ACK) for Receive_ACK
    myi2c.o(i.AHT20_Init) refers to myi2c.o(i.Stop_I2C) for Stop_I2C
    myi2c.o(i.AHT20_Init) refers to myi2c.o(i.Delay_1ms) for Delay_1ms
    myi2c.o(i.AHT20_RD_Byte) refers to myi2c.o(i.SCL_Pin_Output_Low) for SCL_Pin_Output_Low
    myi2c.o(i.AHT20_RD_Byte) refers to myi2c.o(i.SDA_Pin_IN_FLOATING) for SDA_Pin_IN_FLOATING
    myi2c.o(i.AHT20_RD_Byte) refers to myi2c.o(i.SensorDelay_us) for SensorDelay_us
    myi2c.o(i.AHT20_RD_Byte) refers to myi2c.o(i.SCL_Pin_Output_High) for SCL_Pin_Output_High
    myi2c.o(i.AHT20_RD_Byte) refers to myi2c.o(i.Delay_5us) for Delay_5us
    myi2c.o(i.AHT20_RD_Byte) refers to stm32f1xx_hal_gpio.o(i.HAL_GPIO_ReadPin) for HAL_GPIO_ReadPin
    myi2c.o(i.AHT20_RD_Byte) refers to stm32f1xx_hal_gpio.o(i.HAL_GPIO_WritePin) for HAL_GPIO_WritePin
    myi2c.o(i.AHT20_Read_CTdata) refers to myi2c.o(i.AHT20_SendAC) for AHT20_SendAC
    myi2c.o(i.AHT20_Read_CTdata) refers to myi2c.o(i.Delay_1ms) for Delay_1ms
    myi2c.o(i.AHT20_Read_CTdata) refers to myi2c.o(i.SensorDelay_us) for SensorDelay_us
    myi2c.o(i.AHT20_Read_CTdata) refers to myi2c.o(i.AHT20_Read_Status) for AHT20_Read_Status
    myi2c.o(i.AHT20_Read_CTdata) refers to myi2c.o(i.I2C_Start) for I2C_Start
    myi2c.o(i.AHT20_Read_CTdata) refers to myi2c.o(i.AHT20_WR_Byte) for AHT20_WR_Byte
    myi2c.o(i.AHT20_Read_CTdata) refers to myi2c.o(i.Receive_ACK) for Receive_ACK
    myi2c.o(i.AHT20_Read_CTdata) refers to myi2c.o(i.AHT20_RD_Byte) for AHT20_RD_Byte
    myi2c.o(i.AHT20_Read_CTdata) refers to myi2c.o(i.Send_ACK) for Send_ACK
    myi2c.o(i.AHT20_Read_CTdata) refers to myi2c.o(i.Send_NOT_ACK) for Send_NOT_ACK
    myi2c.o(i.AHT20_Read_CTdata) refers to myi2c.o(i.Stop_I2C) for Stop_I2C
    myi2c.o(i.AHT20_Read_CTdata_crc) refers to myi2c.o(i.AHT20_SendAC) for AHT20_SendAC
    myi2c.o(i.AHT20_Read_CTdata_crc) refers to myi2c.o(i.Delay_1ms) for Delay_1ms
    myi2c.o(i.AHT20_Read_CTdata_crc) refers to myi2c.o(i.SensorDelay_us) for SensorDelay_us
    myi2c.o(i.AHT20_Read_CTdata_crc) refers to myi2c.o(i.AHT20_Read_Status) for AHT20_Read_Status
    myi2c.o(i.AHT20_Read_CTdata_crc) refers to myi2c.o(i.I2C_Start) for I2C_Start
    myi2c.o(i.AHT20_Read_CTdata_crc) refers to myi2c.o(i.AHT20_WR_Byte) for AHT20_WR_Byte
    myi2c.o(i.AHT20_Read_CTdata_crc) refers to myi2c.o(i.Receive_ACK) for Receive_ACK
[...]
    i.u8g2_DrawGlyph                         0x0800396e   Section        0  u8g2_font.o(i.u8g2_DrawGlyph)
    i.u8g2_DrawHVLine                        0x080039e0   Section        0  u8g2_hvline.o(i.u8g2_DrawHVLine)
    i.u8g2_DrawHXBMP                         0x08003a8c   Section        0  u8g2_bitmap.o(i.u8g2_DrawHXBMP)
    i.u8g2_DrawStr                           0x08003b38   Section        0  u8g2_font.o(i.u8g2_DrawStr)
    i.u8g2_DrawUTF8                          0x08003b48   Section        0  u8g2_font.o(i.u8g2_DrawUTF8)
    i.u8g2_DrawXBMP                          0x08003b58   Section        0  u8g2_bitmap.o(i.u8g2_DrawXBMP)
    i.u8g2_IsIntersection                    0x08003ba4   Section        0  u8g2_intersection.o(i.u8g2_IsIntersection)
    i.u8g2_SendBuffer                        0x08003bd4   Section        0  u8g2_buffer.o(i.u8g2_SendBuffer)
    i.u8g2_SetFont                           0x08003be6   Section        0  u8g2_font.o(i.u8g2_SetFont)
    i.u8g2_SetFontPosBaseline                0x08003c08   Section        0  u8g2_font.o(i.u8g2_SetFontPosBaseline)
    i.u8g2_SetMaxClipWindow                  0x08003c14   Section        0  u8g2_setup.o(i.u8g2_SetMaxClipWindow)
    i.u8g2_SetupBuffer                       0x08003c30   Section        0  u8g2_setup.o(i.u8g2_SetupBuffer)
    i.u8g2_Setup_ssd1306_i2c_128x64_noname_f 0x08003c78   Section        0  u8g2_d_setup.o(i.u8g2_Setup_ssd1306_i2c_128x64_noname_f)
    i.u8g2_UpdateRefHeight                   0x08003cb0   Section        0  u8g2_font.o(i.u8g2_UpdateRefHeight)
    i.u8g2_add_vector_x                      0x08003d02   Section        0  u8g2_font.o(i.u8g2_add_vector_x)
    i.u8g2_add_vector_y                      0x08003d1e   Section        0  u8g2_font.o(i.u8g2_add_vector_y)
    i.u8g2_apply_clip_window                 0x08003d3a   Section        0  u8g2_setup.o(i.u8g2_apply_clip_window)
    u8g2_apply_clip_window                   0x08003d3b   Thumb Code   110  u8g2_setup.o(i.u8g2_apply_clip_window)
    i.u8g2_clip_intersection2                0x08003da8   Section        0  u8g2_hvline.o(i.u8g2_clip_intersection2)
    u8g2_clip_intersection2                  0x08003da9   Thumb Code    60  u8g2_hvline.o(i.u8g2_clip_intersection2)
    i.u8g2_draw_hv_line_2dir                 0x08003de4   Section        0  u8g2_hvline.o(i.u8g2_draw_hv_line_2dir)
    i.u8g2_draw_l90_r0                       0x08003df6   Section        0  u8g2_setup.o(i.u8g2_draw_l90_r0)
    i.u8g2_draw_string                       0x08003e02   Section        0  u8g2_font.o(i.u8g2_draw_string)
    u8g2_draw_string                         0x08003e03   Thumb Code   118  u8g2_font.o(i.u8g2_draw_string)
    i.u8g2_font_calc_vref_font               0x08003e78   Section        0  u8g2_font.o(i.u8g2_font_calc_vref_font)
    i.u8g2_font_decode_get_signed_bits       0x08003e7c   Section        0  u8g2_font.o(i.u8g2_font_decode_get_signed_bits)
    i.u8g2_font_decode_get_unsigned_bits     0x08003e90   Section        0  u8g2_font.o(i.u8g2_font_decode_get_unsigned_bits)
    i.u8g2_font_decode_glyph                 0x08003ec4   Section        0  u8g2_font.o(i.u8g2_font_decode_glyph)
    i.u8g2_font_decode_len                   0x08003fd8   Section        0  u8g2_font.o(i.u8g2_font_decode_len)
    i.u8g2_font_get_glyph_data               0x08004064   Section        0  u8g2_font.o(i.u8g2_font_get_glyph_data)
    i.u8g2_font_get_word                     0x080040d6   Section        0  u8g2_font.o(i.u8g2_font_get_word)
    u8g2_font_get_word                       0x080040d7   Thumb Code    20  u8g2_font.o(i.u8g2_font_get_word)
    i.u8g2_font_setup_decode                 0x080040ea   Section        0  u8g2_font.o(i.u8g2_font_setup_decode)
    u8g2_font_setup_decode                   0x080040eb   Thumb Code    52  u8g2_font.o(i.u8g2_font_setup_decode)
    i.u8g2_is_intersection_decision_tree     0x0800411e   Section        0  u8g2_intersection.o(i.u8g2_is_intersection_decision_tree)
    i.u8g2_ll_hvline_vertical_top_lsb        0x08004136   Section        0  u8g2_ll_hvline.o(i.u8g2_ll_hvline_vertical_top_lsb)
    i.u8g2_m_16_8_f                          0x080041c4   Section        0  u8g2_d_memory.o(i.u8g2_m_16_8_f)
    i.u8g2_read_font_info                    0x080041d0   Section        0  u8g2_font.o(i.u8g2_read_font_info)
    i.u8g2_send_buffer                       0x0800423a   Section        0  u8g2_buffer.o(i.u8g2_send_buffer)
    u8g2_send_buffer                         0x0800423b   Thumb Code    78  u8g2_buffer.o(i.u8g2_send_buffer)
    i.u8g2_update_dimension_common           0x08004288   Section        0  u8g2_setup.o(i.u8g2_update_dimension_common)
    u8g2_update_dimension_common             0x08004289   Thumb Code    70  u8g2_setup.o(i.u8g2_update_dimension_common)
    i.u8g2_update_dimension_r0               0x080042ce   Section        0  u8g2_setup.o(i.u8g2_update_dimension_r0)
    i.u8g2_update_page_win_r0                0x080042d2   Section        0  u8g2_setup.o(i.u8g2_update_page_win_r0)
    i.u8x8_DrawTile                          0x080042f4   Section        0  u8x8_display.o(i.u8x8_DrawTile)
    i.u8x8_InitDisplay                       0x08004312   Section        0  u8x8_display.o(i.u8x8_InitDisplay)
    i.u8x8_RefreshDisplay                    0x08004322   Section        0  u8x8_display.o(i.u8x8_RefreshDisplay)
    i.u8x8_SetPowerSave                      0x08004332   Section        0  u8x8_display.o(i.u8x8_SetPowerSave)
    i.u8x8_Setup                             0x08004342   Section        0  u8x8_setup.o(i.u8x8_Setup)
    i.u8x8_SetupDefaults                     0x08004364   Section        0  u8x8_setup.o(i.u8x8_SetupDefaults)
    i.u8x8_SetupMemory                       0x08004388   Section        0  u8x8_display.o(i.u8x8_SetupMemory)
    i.u8x8_ascii_next                        0x08004398   Section        0  u8x8_8x8.o(i.u8x8_ascii_next)
    i.u8x8_byte_EndTransfer                  0x080043a6   Section        0  u8x8_byte.o(i.u8x8_byte_EndTransfer)
    i.u8x8_byte_SendByte                     0x080043b6   Section        0  u8x8_byte.o(i.u8x8_byte_SendByte)
    i.u8x8_byte_StartTransfer                0x080043c4   Section        0  u8x8_byte.o(i.u8x8_byte_StartTransfer)
    i.u8x8_byte_hw_i2c                       0x080043d4   Section        0  stm32_u8g2.o(i.u8x8_byte_hw_i2c)
    i.u8x8_cad_EndTransfer                   0x08004444   Section        0  u8x8_cad.o(i.u8x8_cad_EndTransfer)
    i.u8x8_cad_SendArg                       0x08004454   Section        0  u8x8_cad.o(i.u8x8_cad_SendArg)
    i.u8x8_cad_SendCmd                       0x08004464   Section        0  u8x8_cad.o(i.u8x8_cad_SendCmd)
    i.u8x8_cad_SendData                      0x08004474   Section        0  u8x8_cad.o(i.u8x8_cad_SendData)
    i.u8x8_cad_SendSequence                  0x08004484   Section        0  u8x8_cad.o(i.u8x8_cad_SendSequence)
    i.u8x8_cad_StartTransfer                 0x080044ec   Section        0  u8x8_cad.o(i.u8x8_cad_StartTransfer)
    i.u8x8_cad_ssd13xx_fast_i2c              0x080044fc   Section        0  u8x8_cad.o(i.u8x8_cad_ssd13xx_fast_i2c)
    i.u8x8_d_helper_display_init             0x080045b8   Section        0  u8x8_display.o(i.u8x8_d_helper_display_init)
    i.u8x8_d_helper_display_setup_memory     0x08004618   Section        0  u8x8_display.o(i.u8x8_d_helper_display_setup_memory)
    i.u8x8_d_ssd1306_128x64_noname           0x08004624   Section        0  u8x8_d_ssd1306_128x64_noname.o(i.u8x8_d_ssd1306_128x64_noname)
    i.u8x8_d_ssd1306_sh1106_generic          0x08004660   Section        0  u8x8_d_ssd1306_128x64_noname.o(i.u8x8_d_ssd1306_sh1106_generic)
    u8x8_d_ssd1306_sh1106_generic            0x08004661   Thumb Code   196  u8x8_d_ssd1306_128x64_noname.o(i.u8x8_d_ssd1306_sh1106_generic)
    i.u8x8_dummy_cb                          0x08004728   Section        0  u8x8_setup.o(i.u8x8_dummy_cb)
    i.u8x8_gpio_and_delay                    0x0800472c   Section        0  stm32_u8g2.o(i.u8x8_gpio_and_delay)
    i.u8x8_gpio_call                         0x0800478e   Section        0  u8x8_gpio.o(i.u8x8_gpio_call)
    i.u8x8_i2c_data_transfer                 0x0800479a   Section        0  u8x8_cad.o(i.u8x8_i2c_data_transfer)
    u8x8_i2c_data_transfer                   0x0800479b   Thumb Code    44  u8x8_cad.o(i.u8x8_i2c_data_transfer)
    i.u8x8_utf8_init                         0x080047c6   Section        0  u8x8_8x8.o(i.u8x8_utf8_init)
    i.u8x8_utf8_next                         0x080047ce   Section        0  u8x8_8x8.o(i.u8x8_utf8_next)
    locale$$code                             0x08004860   Section       44  lc_numeric_c.o(locale$$code)
    x$fpl$ddiv                               0x0800488c   Section      688  ddiv.o(x$fpl$ddiv)
    ddiv_entry                               0x08004893   Thumb Code     0  ddiv.o(x$fpl$ddiv)
    x$fpl$dflt                               0x08004b3c   Section       46  dflt_clz.o(x$fpl$dflt)
    x$fpl$dnaninf                            0x08004b6a   Section      156  dnaninf.o(x$fpl$dnaninf)
    x$fpl$dretinf                            0x08004c06   Section       12  dretinf.o(x$fpl$dretinf)
    x$fpl$printf1                            0x08004c12   Section        4  printf1.o(x$fpl$printf1)
    .constdata                               0x08004c16   Section      192  main.o(.constdata)
    x$fpl$usenofp                            0x08004c16   Section        0  usenofp.o(x$fpl$usenofp)
    wen                                      0x08004c16   Data          32  main.o(.constdata)
    du                                       0x08004c36   Data          32  main.o(.constdata)
    shi                                      0x08004c56   Data          32  main.o(.constdata)
    dai                                      0x08004c76   Data          32  main.o(.constdata)
    jian                                     0x08004c96   Data          32  main.o(.constdata)
    ce                                       0x08004cb6   Data          32  main.o(.constdata)
    .constdata                               0x08004cd6   Section       18  stm32f1xx_hal_rcc.o(.constdata)
    aPredivFactorTable                       0x08004cd6   Data           2  stm32f1xx_hal_rcc.o(.constdata)
    aPLLMULFactorTable                       0x08004cd8   Data          16  stm32f1xx_hal_rcc.o(.constdata)
    .constdata                               0x08004ce8   Section       16  system_stm32f1xx.o(.constdata)
    .constdata                               0x08004cf8   Section        8  system_stm32f1xx.o(.constdata)
    .constdata                               0x08004d00   Section     3863  u8g2_fonts.o(.constdata)
    .constdata                               0x08005c18   Section       12  u8g2_setup.o(.constdata)
    .constdata                               0x08005c24   Section      344  u8x8_d_ssd1306_128x64_noname.o(.constdata)
    u8x8_d_ssd1306_128x64_noname_powersave0_seq 0x08005c24   Data           5  u8x8_d_ssd1306_128x64_noname.o(.constdata)
    u8x8_d_ssd1306_128x64_noname_powersave1_seq 0x08005c29   Data           5  u8x8_d_ssd1306_128x64_noname.o(.constdata)
    u8x8_d_ssd1306_128x64_noname_flip0_seq   0x08005c2e   Data           7  u8x8_d_ssd1306_128x64_noname.o(.constdata)
    u8x8_d_ssd1306_128x64_noname_flip1_seq   0x08005c35   Data           7  u8x8_d_ssd1306_128x64_noname.o(.constdata)
    u8x8_d_ssd1312_128x64_noname_flip0_seq   0x08005c3c   Data           7  u8x8_d_ssd1306_128x64_noname.o(.constdata)
    u8x8_d_ssd1312_128x64_noname_flip1_seq   0x08005c43   Data           7  u8x8_d_ssd1306_128x64_noname.o(.constdata)
    u8x8_d_ssd1306_128x64_noname_init_seq    0x08005c4a   Data          53  u8x8_d_ssd1306_128x64_noname.o(.constdata)
    u8x8_d_ssd1306_128x64_vcomh0_init_seq    0x08005c7f   Data          53  u8x8_d_ssd1306_128x64_noname.o(.constdata)
    u8x8_d_ssd1306_128x64_alt0_init_seq      0x08005cb4   Data          53  u8x8_d_ssd1306_128x64_noname.o(.constdata)
    u8x8_d_sh1106_128x64_winstar_init_seq    0x08005ce9   Data          45  u8x8_d_ssd1306_128x64_noname.o(.constdata)
    u8x8_d_ssd1312_128x64_noname_init_seq    0x08005d16   Data          53  u8x8_d_ssd1306_128x64_noname.o(.constdata)
    u8x8_ssd1306_128x64_noname_display_info  0x08005d4c   Data          24  u8x8_d_ssd1306_128x64_noname.o(.constdata)
    u8x8_sh1106_128x64_noname_display_info   0x08005d64   Data          24  u8x8_d_ssd1306_128x64_noname.o(.constdata)
    .constdata                               0x08005d7c   Section      148  bigflt0.o(.constdata)
    tenpwrs_x                                0x08005d7c   Data          60  bigflt0.o(.constdata)
    tenpwrs_i                                0x08005db8   Data          64  bigflt0.o(.constdata)
    locale$$data                             0x08005e30   Section       28  lc_numeric_c.o(locale$$data)
    __lcnum_c_name                           0x08005e34   Data           2  lc_numeric_c.o(locale$$data)
    __lcnum_c_start                          0x08005e3c   Data           0  lc_numeric_c.o(locale$$data)
    __lcnum_c_point                          0x08005e48   Data           0  lc_numeric_c.o(locale$$data)
    __lcnum_c_thousands                      0x08005e4a   Data           0  lc_numeric_c.o(locale$$data)
    __lcnum_c_grouping                       0x08005e4b   Data           0  lc_numeric_c.o(locale$$data)
    __lcnum_c_end                            0x08005e4c   Data           0  lc_numeric_c.o(locale$$data)
    .data                                    0x20000000   Section       12  stm32f1xx_hal.o(.data)
    .data                                    0x2000000c   Section        4  system_stm32f1xx.o(.data)
    .data                                    0x20000010   Section        6  u8x8_cad.o(.data)
    in_transfer                              0x20000010   Data           1  u8x8_cad.o(.data)
    in_transfer                              0x20000011   Data           1  u8x8_cad.o(.data)
    in_transfer                              0x20000012   Data           1  u8x8_cad.o(.data)
    is_data                                  0x20000013   Data           1  u8x8_cad.o(.data)
    in_transfer                              0x20000014   Data           1  u8x8_cad.o(.data)
    is_data                                  0x20000015   Data           1  u8x8_cad.o(.data)
    .data                                    0x20000016   Section        1  stm32_u8g2.o(.data)
    buf_idx                                  0x20000016   Data           1  stm32_u8g2.o(.data)
    .bss                                     0x20000018   Section      304  i2c.o(.bss)
    .bss                                     0x20000148   Section       72  tim.o(.bss)
    .bss                                     0x20000190   Section       72  usart.o(.bss)
    .bss                                     0x200001d8   Section     1024  u8g2_d_memory.o(.bss)
    buf                                      0x200001d8   Data        1024  u8g2_d_memory.o(.bss)
    .bss                                     0x200005d8   Section      128  stm32_u8g2.o(.bss)
    buffer                                   0x200005d8   Data         128  stm32_u8g2.o(.bss)
    .bss                                     0x20000658   Section       96  libspace.o(.bss)
    HEAP                                     0x200006b8   Section      512  startup_stm32f103xb.o(HEAP)
    Heap_Mem                                 0x200006b8   Data         512  startup_stm32f103xb.o(HEAP)
    STACK                                    0x200008b8   Section     1024  startup_stm32f103xb.o(STACK)
    Stack_Mem                                0x200008b8   Data        1024  startup_stm32f103xb.o(STACK)
    __initial_sp                             0x20000cb8   Data           0  startup_stm32f103xb.o(STACK)

    Global Symbols

    Symbol Name                              Value     Ov Type        Size  Object(Section)

    BuildAttributes$$THM_ISAv4$P$D$K$B$S$PE$A:L22UL41UL21$X:L11$S22US41US21$IEEE1$IW$USESV6$~STKCKD$USESV7$~SHL$OTIME$ROPI$IEEEJ$EBA8$UX$STANDARDLIB$REQ8$PRES8$EABIv2 0x00000000   Number         0  anon$$obj.o ABSOLUTE
    __ARM_use_no_argv                        0x00000000   Number         0  main.o ABSOLUTE
    _printf_flags                            0x00000000   Number         0  printf_stubs.o ABSOLUTE
    _printf_return_value                     0x00000000   Number         0  printf_stubs.o ABSOLUTE
    _printf_sizespec                         0x00000000   Number         0  printf_stubs.o ABSOLUTE
    _printf_widthprec                        0x00000000   Number         0  printf_stubs.o ABSOLUTE
    __ARM_exceptions_init                     - Undefined Weak Reference
    __alloca_initialize                       - Undefined Weak Reference
    __arm_preinit_                            - Undefined Weak Reference
    __cpp_initialize__aeabi_                  - Undefined Weak Reference
    __cxa_finalize                            - Undefined Weak Reference
    __sigvec_lookup                           - Undefined Weak Reference
    _atexit_init                              - Undefined Weak Reference
    _call_atexit_fns                          - Undefined Weak Reference
    _clock_init                               - Undefined Weak Reference
    _fp_trap_init                             - Undefined Weak Reference
    _fp_trap_shutdown                         - Undefined Weak Reference
    _get_lc_collate                           - Undefined Weak Reference
    _get_lc_ctype                             - Undefined Weak Reference
    _get_lc_monetary                          - Undefined Weak Reference
    _get_lc_time                              - Undefined Weak Reference
    _getenv_init                              - Undefined Weak Reference
    _handle_redirection                       - Undefined Weak Reference
    _init_alloc                               - Undefined Weak Reference
    _init_user_alloc                          - Undefined Weak Reference
    _initio                                   - Undefined Weak Reference
    _printf_post_padding                      - Undefined Weak Reference
    _printf_pre_padding                       - Undefined Weak Reference
    _printf_truncate_signed                   - Undefined Weak Reference
    _printf_truncate_unsigned                 - Undefined Weak Reference
    _rand_init                                - Undefined Weak Reference
    _signal_finish                            - Undefined Weak Reference
    _signal_init                              - Undefined Weak Reference
    _terminate_alloc                          - Undefined Weak Reference
    _terminate_user_alloc                     - Undefined Weak Reference
    _terminateio                              - Undefined Weak Reference
    __Vectors_Size                           0x000000ec   Number         0  startup_stm32f103xb.o ABSOLUTE
    __Vectors                                0x08000000   Data           4  startup_stm32f103xb.o(RESET)
    __Vectors_End                            0x080000ec   Data           0  startup_stm32f103xb.o(RESET)
    __main                                   0x080000ed   Thumb Code     8  __main.o(!!!main)
    __scatterload                            0x080000f5   Thumb Code     0  __scatter.o(!!!scatter)
    __scatterload_rt2                        0x080000f5   Thumb Code    44  __scatter.o(!!!scatter)
    __scatterload_rt2_thumb_only             0x080000f5   Thumb Code     0  __scatter.o(!!!scatter)
    __scatterload_null                       0x08000103   Thumb Code     0  __scatter.o(!!!scatter)
    __scatterload_copy                       0x08000129   Thumb Code    26  __scatter_copy.o(!!handler_copy)
    __scatterload_zeroinit                   0x08000145   Thumb Code    28  __scatter_zi.o(!!handler_zi)
    _printf_f                                0x08000161   Thumb Code     0  _printf_f.o(.ARM.Collect$$_printf_percent$$00000003)
    _printf_percent                          0x08000161   Thumb Code     0  _printf_percent.o(.ARM.Collect$$_printf_percent$$00000000)
    _printf_d                                0x08000167   Thumb Code     0  _printf_d.o(.ARM.Collect$$_printf_percent$$00000009)
    _printf_percent_end                      0x0800016d   Thumb Code     0  _printf_percent_end.o(.ARM.Collect$$_printf_percent$$00000017)
    __rt_lib_init                            0x08000171   Thumb Code     0  libinit.o(.ARM.Collect$$libinit$$00000000)
    __rt_lib_init_fp_1                       0x08000173   Thumb Code     0  libinit2.o(.ARM.Collect$$libinit$$00000002)
    __rt_lib_init_heap_1                     0x08000173   Thumb Code     0  libinit2.o(.ARM.Collect$$libinit$$0000000A)
    __rt_lib_init_lc_common                  0x08000173   Thumb Code     0  libinit2.o(.ARM.Collect$$libinit$$0000000F)
    __rt_lib_init_preinit_1                  0x08000173   Thumb Code     0  libinit2.o(.ARM.Collect$$libinit$$00000004)
    __rt_lib_init_rand_1                     0x08000173   Thumb Code     0  libinit2.o(.ARM.Collect$$libinit$$0000000E)
    __rt_lib_init_user_alloc_1               0x08000173   Thumb Code     0  libinit2.o(.ARM.Collect$$libinit$$0000000C)
    __rt_lib_init_lc_collate_1               0x08000179   Thumb Code     0  libinit2.o(.ARM.Collect$$libinit$$00000011)
    __rt_lib_init_lc_ctype_1                 0x08000179   Thumb Code     0  libinit2.o(.ARM.Collect$$libinit$$00000013)
    __rt_lib_init_lc_monetary_1              0x08000179   Thumb Code     0  libinit2.o(.ARM.Collect$$libinit$$00000015)
    __rt_lib_init_lc_numeric_2               0x08000179   Thumb Code     0  libinit2.o(.ARM.Collect$$libinit$$00000016)
    __rt_lib_init_alloca_1                   0x08000183   Thumb Code     0  libinit2.o(.ARM.Collect$$libinit$$0000002E)
    __rt_lib_init_argv_1                     0x08000183   Thumb Code     0  libinit2.o(.ARM.Collect$$libinit$$0000002C)
    __rt_lib_init_atexit_1                   0x08000183   Thumb Code     0  libinit2.o(.ARM.Collect$$libinit$$0000001B)
    __rt_lib_init_clock_1                    0x08000183   Thumb Code     0  libinit2.o(.ARM.Collect$$libinit$$00000021)
    __rt_lib_init_cpp_1                      0x08000183   Thumb Code     0  libinit2.o(.ARM.Collect$$libinit$$00000032)
    __rt_lib_init_exceptions_1               0x08000183   Thumb Code     0  libinit2.o(.ARM.Collect$$libinit$$00000030)
    __rt_lib_init_fp_trap_1                  0x08000183   Thumb Code     0  libinit2.o(.ARM.Collect$$libinit$$0000001F)
    __rt_lib_init_getenv_1                   0x08000183   Thumb Code     0  libinit2.o(.ARM.Collect$$libinit$$00000023)
    __rt_lib_init_lc_numeric_1               0x08000183   Thumb Code     0  libinit2.o(.ARM.Collect$$libinit$$00000017)
    __rt_lib_init_lc_time_1                  0x08000183   Thumb Code     0  libinit2.o(.ARM.Collect$$libinit$$00000019)
    __rt_lib_init_return                     0x08000183   Thumb Code     0  libinit2.o(.ARM.Collect$$libinit$$00000033)
    __rt_lib_init_signal_1                   0x08000183   Thumb Code     0  libinit2.o(.ARM.Collect$$libinit$$0000001D)
    __rt_lib_init_stdio_1                    0x08000183   Thumb Code     0  libinit2.o(.ARM.Collect$$libinit$$00000025)
    __rt_lib_shutdown                        0x08000185   Thumb Code     0  libshutdown.o(.ARM.Collect$$libshutdown$$00000000)
    __rt_lib_shutdown_cpp_1                  0x08000187   Thumb Code     0  libshutdown2.o(.ARM.Collect$$libshutdown$$00000002)
    __rt_lib_shutdown_fp_trap_1              0x08000187   Thumb Code     0  libshutdown2.o(.ARM.Collect$$libshutdown$$00000007)
    __rt_lib_shutdown_heap_1                 0x08000187   Thumb Code     0  libshutdown2.o(.ARM.Collect$$libshutdown$$0000000F)
    __rt_lib_shutdown_return                 0x08000187   Thumb Code     0  libshutdown2.o(.ARM.Collect$$libshutdown$$00000010)
    __rt_lib_shutdown_signal_1               0x08000187   Thumb Code     0  libshutdown2.o(.ARM.Collect$$libshutdown$$0000000A)
    __rt_lib_shutdown_stdio_1                0x08000187   Thumb Code     0  libshutdown2.o(.ARM.Collect$$libshutdown$$00000004)
    __rt_lib_shutdown_user_alloc_1           0x08000187   Thumb Code     0  libshutdown2.o(.ARM.Collect$$libshutdown$$0000000C)
    __rt_entry                               0x08000189   Thumb Code     0  __rtentry.o(.ARM.Collect$$rtentry$$00000000)
    __rt_entry_presh_1                       0x08000189   Thumb Code     0  __rtentry2.o(.ARM.Collect$$rtentry$$00000002)
    __rt_entry_sh                            0x08000189   Thumb Code     0  __rtentry4.o(.ARM.Collect$$rtentry$$00000004)
    __rt_entry_li                            0x0800018f   Thumb Code     0  __rtentry2.o(.ARM.Collect$$rtentry$$0000000A)
    __rt_entry_postsh_1                      0x0800018f   Thumb Code     0  __rtentry2.o(.ARM.Collect$$rtentry$$00000009)
    __rt_entry_main                          0x08000193   Thumb Code     0  __rtentry2.o(.ARM.Collect$$rtentry$$0000000D)
    __rt_entry_postli_1                      0x08000193   Thumb Code     0  __rtentry2.o(.ARM.Collect$$rtentry$$0000000C)
    __rt_exit                                0x0800019b   Thumb Code     0  rtexit.o(.ARM.Collect$$rtexit$$00000000)
    __rt_exit_ls                             0x0800019d   Thumb Code     0  rtexit2.o(.ARM.Collect$$rtexit$$00000003)
    __rt_exit_prels_1                        0x0800019d   Thumb Code     0  rtexit2.o(.ARM.Collect$$rtexit$$00000002)
    __rt_exit_exit                           0x080001a1   Thumb Code     0  rtexit2.o(.ARM.Collect$$rtexit$$00000004)
    Reset_Handler                            0x080001a9   Thumb Code     8  startup_stm32f103xb.o(.text)
    ADC1_2_IRQHandler                        0x080001c3   Thumb Code     0  startup_stm32f103xb.o(.text)
    CAN1_RX1_IRQHandler                      0x080001c3   Thumb Code     0  startup_stm32f103xb.o(.text)
    CAN1_SCE_IRQHandler                      0x080001c3   Thumb Code     0  startup_stm32f103xb.o(.text)
    DMA1_Channel1_IRQHandler                 0x080001c3   Thumb Code     0  startup_stm32f103xb.o(.text)
    DMA1_Channel2_IRQHandler                 0x080001c3   Thumb Code     0  startup_stm32f103xb.o(.text)
    DMA1_Channel3_IRQHandler                 0x080001c3   Thumb Code     0  startup_stm32f103xb.o(.text)
    DMA1_Channel4_IRQHandler                 0x080001c3   Thumb Code     0  startup_stm32f103xb.o(.text)
    DMA1_Channel5_IRQHandler                 0x080001c3   Thumb Code     0  startup_stm32f103xb.o(.text)
    EXTI0_IRQHandler                         0x080001c3   Thumb Code     0  startup_stm32f103xb.o(.text)
    EXTI15_10_IRQHandler                     0x080001c3   Thumb Code     0  startup_stm32f103xb.o(.text)
    EXTI1_IRQHandler                         0x080001c3   Thumb Code     0  startup_stm32f103xb.o(.text)
    EXTI2_IRQHandler                         0x080001c3   Thumb Code     0  startup_stm32f103xb.o(.text)
    EXTI3_IRQHandler                         0x080001c3   Thumb Code     0  startup_stm32f103xb.o(.text)
    EXTI4_IRQHandler                         0x080001c3   Thumb Code     0  startup_stm32f103xb.o(.text)
    EXTI9_5_IRQHandler                       0x080001c3   Thumb Code     0  startup_stm32f103xb.o(.text)
    FLASH_IRQHandler                         0x080001c3   Thumb Code     0  startup_stm32f103xb.o(.text)
    I2C1_ER_IRQHandler                       0x080001c3   Thumb Code     0  startup_stm32f103xb.o(.text)
    I2C1_EV_IRQHandler                       0x080001c3   Thumb Code     0  startup_stm32f103xb.o(.text)
    I2C2_ER_IRQHandler                       0x080001c3   Thumb Code     0  startup_stm32f103xb.o(.text)
    I2C2_EV_IRQHandler                       0x080001c3   Thumb Code     0  startup_stm32f103xb.o(.text)
    PVD_IRQHandler                           0x080001c3   Thumb Code     0  startup_stm32f103xb.o(.text)
    RCC_IRQHandler                           0x080001c3   Thumb Code     0  startup_stm32f103xb.o(.text)
    RTC_Alarm_IRQHandler                     0x080001c3   Thumb Code     0  startup_stm32f103xb.o(.text)
    RTC_IRQHandler                           0x080001c3   Thumb Code     0  startup_stm32f103xb.o(.text)
    SPI1_IRQHandler                          0x080001c3   Thumb Code     0  startup_stm32f103xb.o(.text)
    SPI2_IRQHandler                          0x080001c3   Thumb Code     0  startup_stm32f103xb.o(.text)
    TAMPER_IRQHandler                        0x080001c3   Thumb Code     0  startup_stm32f103xb.o(.text)
    TIM1_BRK_IRQHandler                      0x080001c3   Thumb Code     0  startup_stm32f103xb.o(.text)
    TIM1_CC_IRQHandler                       0x080001c3   Thumb Code     0  startup_stm32f103xb.o(.text)
    TIM1_TRG_COM_IRQHandler                  0x080001c3   Thumb Code     0  startup_stm32f103xb.o(.text)
    TIM1_UP_IRQHandler                       0x080001c3   Thumb Code     0  startup_stm32f103xb.o(.text)
    TIM2_IRQHandler                          0x080001c3   Thumb Code     0  startup_stm32f103xb.o(.text)
    TIM3_IRQHandler                          0x080001c3   Thumb Code     0  startup_stm32f103xb.o(.text)
    TIM4_IRQHandler                          0x080001c3   Thumb Code     0  startup_stm32f103xb.o(.text)
    USART2_IRQHandler                        0x080001c3   Thumb Code     0  startup_stm32f103xb.o(.text)
    USART3_IRQHandler                        0x080001c3   Thumb Code     0  startup_stm32f103xb.o(.text)
    USBWakeUp_IRQHandler                     0x080001c3   Thumb Code     0  startup_stm32f103xb.o(.text)
    USB_HP_CAN1_TX_IRQHandler                0x080001c3   Thumb Code     0  startup_stm32f103xb.o(.text)
    USB_LP_CAN1_RX0_IRQHandler               0x080001c3   Thumb Code     0  startup_stm32f103xb.o(.text)
    WWDG_IRQHandler                          0x080001c3   Thumb Code     0  startup_stm32f103xb.o(.text)
    __user_initial_stackheap                 0x080001c5   Thumb Code     0  startup_stm32f103xb.o(.text)
    __2sprintf                               0x080001e9   Thumb Code    34  noretval__2sprintf.o(.text)
    _printf_int_dec                          0x08000211   Thumb Code   104  _printf_dec.o(.text)
    __printf                                 0x08000289   Thumb Code   270  __printf_wp.o(.text)
    strlen                                   0x08000397   Thumb Code    62  strlen.o(.text)
    __aeabi_memclr                           0x080003d5   Thumb Code     0  rt_memclr.o(.text)
    __rt_memclr                              0x080003d5   Thumb Code    68  rt_memclr.o(.text)
    _memset                                  0x080003d9   Thumb Code     0  rt_memclr.o(.text)
    __aeabi_memclr4                          0x08000419   Thumb Code     0  rt_memclr_w.o(.text)
    __aeabi_memclr8                          0x08000419   Thumb Code     0  rt_memclr_w.o(.text)
    __rt_memclr_w                            0x08000419   Thumb Code    78  rt_memclr_w.o(.text)
    _memset_w                                0x0800041d   Thumb Code     0  rt_memclr_w.o(.text)
    __use_two_region_memory                  0x08000467   Thumb Code     2  heapauxi.o(.text)
    __rt_heap_escrow$2region                 0x08000469   Thumb Code     2  heapauxi.o(.text)
    __rt_heap_expand$2region                 0x0800046b   Thumb Code     2  heapauxi.o(.text)
    _printf_int_common                       0x0800046d   Thumb Code   178  _printf_intcommon.o(.text)
    __lib_sel_fp_printf                      0x0800051f   Thumb Code     2  _printf_fp_dec.o(.text)
    _printf_fp_dec_real                      0x080006cd   Thumb Code   620  _printf_fp_dec.o(.text)
    _printf_char_common                      0x08000943   Thumb Code    32  _printf_char_common.o(.text)
    _sputc                                   0x08000969   Thumb Code    10  _sputc.o(.text)
    __rt_locale                              0x08000975   Thumb Code     8  rt_locale_intlibspace.o(.text)
    _ll_udiv10                               0x0800097d   Thumb Code   138  lludiv10.o(.text)
    _printf_fp_infnan                        0x08000a09   Thumb Code   112  _printf_fp_infnan.o(.text)
    _btod_etento                             0x08000a89   Thumb Code   216  bigflt0.o(.text)
    __user_libspace                          0x08000b65   Thumb Code     8  libspace.o(.text)
    __user_perproc_libspace                  0x08000b65   Thumb Code     0  libspace.o(.text)
    __user_perthread_libspace                0x08000b65   Thumb Code     0  libspace.o(.text)
    __user_setup_stackheap                   0x08000b6d   Thumb Code    74  sys_stackheap_outer.o(.text)
    exit                                     0x08000bb7   Thumb Code    18  exit.o(.text)
    strcmp                                   0x08000bc9   Thumb Code   128  strcmpv7m.o(.text)
    _sys_exit                                0x08000c49   Thumb Code     8  sys_exit.o(.text)
    __I$use$semihosting                      0x08000c55   Thumb Code     0  use_no_semi.o(.text)
    __use_no_semihosting_swi                 0x08000c55   Thumb Code     2  use_no_semi.o(.text)
    __semihosting_library_function           0x08000c57   Thumb Code     0  indicate_semi.o(.text)
    _btod_d2e                                0x08000c57   Thumb Code    62  btod.o(CL$$btod_d2e)
    _d2e_denorm_low                          0x08000c95   Thumb Code    70  btod.o(CL$$btod_d2e_denorm_low)
    _d2e_norm_op1                            0x08000cdb   Thumb Code    96  btod.o(CL$$btod_d2e_norm_op1)
    __btod_div_common                        0x08000d3b   Thumb Code   696  btod.o(CL$$btod_div_common)
    _e2e                                     0x08001073   Thumb Code   198  btod.o(CL$$btod_e2e)
    _btod_ediv                               0x08001139   Thumb Code    40  btod.o(CL$$btod_ediv)
    _btod_emul                               0x08001161   Thumb Code    40  btod.o(CL$$btod_emul)
    __btod_mult_common                       0x08001189   Thumb Code   580  btod.o(CL$$btod_mult_common)
    AHT20_Init                               0x080013cd   Thumb Code   118  myi2c.o(i.AHT20_Init)
    AHT20_RD_Byte                            0x08001445   Thumb Code    90  myi2c.o(i.AHT20_RD_Byte)
    AHT20_Read_CTdata                        0x080014a5   Thumb Code   222  myi2c.o(i.AHT20_Read_CTdata)
    AHT20_Read_Status                        0x08001583   Thumb Code    34  myi2c.o(i.AHT20_Read_Status)
    AHT20_SendAC                             0x080015a5   Thumb Code    54  myi2c.o(i.AHT20_SendAC)
    AHT20_WR_Byte                            0x080015db   Thumb Code    74  myi2c.o(i.AHT20_WR_Byte)
    BusFault_Handler                         0x08001625   Thumb Code     2  stm32f1xx_it.o(i.BusFault_Handler)
    DMA1_Channel6_IRQHandler                 0x08001629   Thumb Code     6  stm32f1xx_it.o(i.DMA1_Channel6_IRQHandler)
    DMA1_Channel7_IRQHandler                 0x08001635   Thumb Code     6  stm32f1xx_it.o(i.DMA1_Channel7_IRQHandler)
    DebugMon_Handler                         0x08001641   Thumb Code     2  stm32f1xx_it.o(i.DebugMon_Handler)
    Delay_1ms                                0x08001643   Thumb Code    22  myi2c.o(i.Delay_1ms)
    Delay_4us                                0x08001659   Thumb Code    30  myi2c.o(i.Delay_4us)
    Delay_5us                                0x08001677   Thumb Code    36  myi2c.o(i.Delay_5us)
    Delay_N10us                              0x0800169b   Thumb Code     6  myi2c.o(i.Delay_N10us)
    Error_Handler                            0x080016a1   Thumb Code     4  main.o(i.Error_Handler)
    HAL_DMA_Abort                            0x080016a5   Thumb Code    70  stm32f1xx_hal_dma.o(i.HAL_DMA_Abort)
    HAL_DMA_Abort_IT                         0x080016ed   Thumb Code   148  stm32f1xx_hal_dma.o(i.HAL_DMA_Abort_IT)
    HAL_DMA_IRQHandler                       0x08001785   Thumb Code   316  stm32f1xx_hal_dma.o(i.HAL_DMA_IRQHandler)
    HAL_DMA_Init                             0x080018d9   Thumb Code    84  stm32f1xx_hal_dma.o(i.HAL_DMA_Init)
    HAL_Delay                                0x08001935   Thumb Code    32  stm32f1xx_hal.o(i.HAL_Delay)
    HAL_GPIO_Init                            0x08001959   Thumb Code   446  stm32f1xx_hal_gpio.o(i.HAL_GPIO_Init)
    HAL_GPIO_ReadPin                         0x08001b39   Thumb Code    10  stm32f1xx_hal_gpio.o(i.HAL_GPIO_ReadPin)
    HAL_GPIO_WritePin                        0x08001b43   Thumb Code    10  stm32f1xx_hal_gpio.o(i.HAL_GPIO_WritePin)
    HAL_GetTick                              0x08001b4d   Thumb Code     6  stm32f1xx_hal.o(i.HAL_GetTick)
    HAL_I2C_Init                             0x08001b59   Thumb Code   376  stm32f1xx_hal_i2c.o(i.HAL_I2C_Init)
    HAL_I2C_Master_Transmit                  0x08001ce1   Thumb Code   290  stm32f1xx_hal_i2c.o(i.HAL_I2C_Master_Transmit)
    HAL_I2C_MspInit                          0x08001e0d   Thumb Code   222  i2c.o(i.HAL_I2C_MspInit)
    HAL_IncTick                              0x08001f05   Thumb Code    12  stm32f1xx_hal.o(i.HAL_IncTick)
    HAL_Init                                 0x08001f15   Thumb Code    32  stm32f1xx_hal.o(i.HAL_Init)
    HAL_InitTick                             0x08001f39   Thumb Code    54  stm32f1xx_hal.o(i.HAL_InitTick)
    HAL_MspInit                              0x08001f79   Thumb Code    52  stm32f1xx_hal_msp.o(i.HAL_MspInit)
    HAL_NVIC_EnableIRQ                       0x08001fb5   Thumb Code    26  stm32f1xx_hal_cortex.o(i.HAL_NVIC_EnableIRQ)
    HAL_NVIC_SetPriority                     0x08001fd1   Thumb Code    60  stm32f1xx_hal_cortex.o(i.HAL_NVIC_SetPriority)
    HAL_NVIC_SetPriorityGrouping             0x08002011   Thumb Code    26  stm32f1xx_hal_cortex.o(i.HAL_NVIC_SetPriorityGrouping)
    HAL_RCC_ClockConfig                      0x08002035   Thumb Code   280  stm32f1xx_hal_rcc.o(i.HAL_RCC_ClockConfig)
    HAL_RCC_GetPCLK1Freq                     0x08002161   Thumb Code    20  stm32f1xx_hal_rcc.o(i.HAL_RCC_GetPCLK1Freq)
    HAL_RCC_GetPCLK2Freq                     0x08002181   Thumb Code    20  stm32f1xx_hal_rcc.o(i.HAL_RCC_GetPCLK2Freq)
    HAL_RCC_GetSysClockFreq                  0x080021a1   Thumb Code    58  stm32f1xx_hal_rcc.o(i.HAL_RCC_GetSysClockFreq)
    HAL_RCC_OscConfig                        0x080021ed   Thumb Code   778  stm32f1xx_hal_rcc.o(i.HAL_RCC_OscConfig)
    HAL_SYSTICK_Config                       0x0800250d   Thumb Code    40  stm32f1xx_hal_cortex.o(i.HAL_SYSTICK_Config)
    HAL_TIMEx_MasterConfigSynchronization    0x08002535   Thumb Code    92  stm32f1xx_hal_tim_ex.o(i.HAL_TIMEx_MasterConfigSynchronization)
    HAL_TIM_Base_Init                        0x0800259d   Thumb Code    90  stm32f1xx_hal_tim.o(i.HAL_TIM_Base_Init)
    HAL_TIM_Base_MspInit                     0x080025f9   Thumb Code    30  tim.o(i.HAL_TIM_Base_MspInit)
    HAL_TIM_ConfigClockSource                0x08002621   Thumb Code   220  stm32f1xx_hal_tim.o(i.HAL_TIM_ConfigClockSource)
    HAL_UARTEx_RxEventCallback               0x080026fd   Thumb Code     2  stm32f1xx_hal_uart.o(i.HAL_UARTEx_RxEventCallback)
    HAL_UART_ErrorCallback                   0x080026ff   Thumb Code     2  stm32f1xx_hal_uart.o(i.HAL_UART_ErrorCallback)
    HAL_UART_IRQHandler                      0x08002701   Thumb Code   616  stm32f1xx_hal_uart.o(i.HAL_UART_IRQHandler)
    HAL_UART_Init                            0x0800296d   Thumb Code   100  stm32f1xx_hal_uart.o(i.HAL_UART_Init)
    HAL_UART_MspInit                         0x080029d1   Thumb Code   116  usart.o(i.HAL_UART_MspInit)
    HAL_UART_RxCpltCallback                  0x08002a51   Thumb Code     2  stm32f1xx_hal_uart.o(i.HAL_UART_RxCpltCallback)
    HAL_UART_Transmit                        0x08002a53   Thumb Code   160  stm32f1xx_hal_uart.o(i.HAL_UART_Transmit)
    HAL_UART_TxCpltCallback                  0x08002af3   Thumb Code     2  stm32f1xx_hal_uart.o(i.HAL_UART_TxCpltCallback)
    HardFault_Handler                        0x08002af5   Thumb Code     2  stm32f1xx_it.o(i.HardFault_Handler)
    I2C_Start                                0x08002bc1   Thumb Code    46  myi2c.o(i.I2C_Start)
    Init_I2C_Sensor_Port                     0x08002de9   Thumb Code    62  myi2c.o(i.Init_I2C_Sensor_Port)
    MX_DMA_Init                              0x08002e2d   Thumb Code    56  dma.o(i.MX_DMA_Init)
    MX_GPIO_Init                             0x08002e69   Thumb Code   118  gpio.o(i.MX_GPIO_Init)
    MX_I2C1_Init                             0x08002ee9   Thumb Code    50  i2c.o(i.MX_I2C1_Init)
    MX_I2C2_Init                             0x08002f29   Thumb Code    50  i2c.o(i.MX_I2C2_Init)
    MX_TIM1_Init                             0x08002f69   Thumb Code    96  tim.o(i.MX_TIM1_Init)
    MX_USART1_UART_Init                      0x08002fd1   Thumb Code    48  usart.o(i.MX_USART1_UART_Init)
    MemManage_Handler                        0x08003009   Thumb Code     2  stm32f1xx_it.o(i.MemManage_Handler)
    NMI_Handler                              0x0800300b   Thumb Code     2  stm32f1xx_it.o(i.NMI_Handler)
    Oled_write_init                          0x0800300d   Thumb Code   240  main.o(i.Oled_write_init)
    PendSV_Handler                           0x08003109   Thumb Code     2  stm32f1xx_it.o(i.PendSV_Handler)
    Receive_ACK                              0x0800310d   Thumb Code    72  myi2c.o(i.Receive_ACK)
    SCL_Pin_Output_High                      0x08003159   Thumb Code    10  myi2c.o(i.SCL_Pin_Output_High)
    SCL_Pin_Output_Low                       0x08003169   Thumb Code    10  myi2c.o(i.SCL_Pin_Output_Low)
    SDA_Pin_IN_FLOATING                      0x08003179   Thumb Code    24  myi2c.o(i.SDA_Pin_IN_FLOATING)
    SDA_Pin_Output_High                      0x08003195   Thumb Code    36  myi2c.o(i.SDA_Pin_Output_High)
    SDA_Pin_Output_Low                       0x080031bd   Thumb Code    36  myi2c.o(i.SDA_Pin_Output_Low)
    SVC_Handler                              0x080031e5   Thumb Code     2  stm32f1xx_it.o(i.SVC_Handler)
    Send_ACK                                 0x080031e7   Thumb Code    56  myi2c.o(i.Send_ACK)
    Send_NOT_ACK                             0x0800321f   Thumb Code    56  myi2c.o(i.Send_NOT_ACK)
    SensorDelay_us                           0x08003257   Thumb Code    20  myi2c.o(i.SensorDelay_us)
    Stop_I2C                                 0x0800326b   Thumb Code    36  myi2c.o(i.Stop_I2C)
    SysTick_Handler                          0x0800328f   Thumb Code     4  stm32f1xx_it.o(i.SysTick_Handler)
    SystemClock_Config                       0x08003293   Thumb Code    94  main.o(i.SystemClock_Config)
    SystemInit                               0x080032f1   Thumb Code     2  system_stm32f1xx.o(i.SystemInit)
    TIM_Base_SetConfig                       0x080032f5   Thumb Code   108  stm32f1xx_hal_tim.o(i.TIM_Base_SetConfig)
    TIM_ETR_SetConfig                        0x0800336d   Thumb Code    20  stm32f1xx_hal_tim.o(i.TIM_ETR_SetConfig)
    USART1_IRQHandler                        0x08003625   Thumb Code     6  stm32f1xx_it.o(i.USART1_IRQHandler)
    UsageFault_Handler                       0x08003631   Thumb Code     2  stm32f1xx_it.o(i.UsageFault_Handler)
    __ARM_fpclassify                         0x08003633   Thumb Code    40  fpclassify.o(i.__ARM_fpclassify)
    _is_digit                                0x0800367b   Thumb Code    14  __printf_wp.o(i._is_digit)
    main                                     0x08003689   Thumb Code   314  main.o(i.main)
    oled_write                               0x08003805   Thumb Code   234  main.o(i.oled_write)
    transmit                                 0x08003909   Thumb Code    26  main.o(i.transmit)
    u8g2Init                                 0x08003929   Thumb Code    38  stm32_u8g2.o(i.u8g2Init)
    u8g2_ClearBuffer                         0x0800395d   Thumb Code    18  u8g2_buffer.o(i.u8g2_ClearBuffer)
    u8g2_DrawGlyph                           0x0800396f   Thumb Code   112  u8g2_font.o(i.u8g2_DrawGlyph)
    u8g2_DrawHVLine                          0x080039e1   Thumb Code   172  u8g2_hvline.o(i.u8g2_DrawHVLine)
    u8g2_DrawHXBMP                           0x08003a8d   Thumb Code   172  u8g2_bitmap.o(i.u8g2_DrawHXBMP)
    u8g2_DrawStr                             0x08003b39   Thumb Code    12  u8g2_font.o(i.u8g2_DrawStr)
    u8g2_DrawUTF8                            0x08003b49   Thumb Code    12  u8g2_font.o(i.u8g2_DrawUTF8)
    u8g2_DrawXBMP                            0x08003b59   Thumb Code    76  u8g2_bitmap.o(i.u8g2_DrawXBMP)
    u8g2_IsIntersection                      0x08003ba5   Thumb Code    48  u8g2_intersection.o(i.u8g2_IsIntersection)
    u8g2_SendBuffer                          0x08003bd5   Thumb Code    18  u8g2_buffer.o(i.u8g2_SendBuffer)
    u8g2_SetFont                             0x08003be7   Thumb Code    32  u8g2_font.o(i.u8g2_SetFont)
    u8g2_SetFontPosBaseline                  0x08003c09   Thumb Code     6  u8g2_font.o(i.u8g2_SetFontPosBaseline)
    u8g2_SetMaxClipWindow                    0x08003c15   Thumb Code    28  u8g2_setup.o(i.u8g2_SetMaxClipWindow)
    u8g2_SetupBuffer                         0x08003c31   Thumb Code    70  u8g2_setup.o(i.u8g2_SetupBuffer)
    u8g2_Setup_ssd1306_i2c_128x64_noname_f   0x08003c79   Thumb Code    42  u8g2_d_setup.o(i.u8g2_Setup_ssd1306_i2c_128x64_noname_f)
    u8g2_UpdateRefHeight                     0x08003cb1   Thumb Code    82  u8g2_font.o(i.u8g2_UpdateRefHeight)
    u8g2_add_vector_x                        0x08003d03   Thumb Code    28  u8g2_font.o(i.u8g2_add_vector_x)
    u8g2_add_vector_y                        0x08003d1f   Thumb Code    28  u8g2_font.o(i.u8g2_add_vector_y)
    u8g2_draw_hv_line_2dir                   0x08003de5   Thumb Code    18  u8g2_hvline.o(i.u8g2_draw_hv_line_2dir)
    u8g2_draw_l90_r0                         0x08003df7   Thumb Code    12  u8g2_setup.o(i.u8g2_draw_l90_r0)
    u8g2_font_calc_vref_font                 0x08003e79   Thumb Code     4  u8g2_font.o(i.u8g2_font_calc_vref_font)
    u8g2_font_decode_get_signed_bits         0x08003e7d   Thumb Code    20  u8g2_font.o(i.u8g2_font_decode_get_signed_bits)
    u8g2_font_decode_get_unsigned_bits       0x08003e91   Thumb Code    52  u8g2_font.o(i.u8g2_font_decode_get_unsigned_bits)
    u8g2_font_decode_glyph                   0x08003ec5   Thumb Code   276  u8g2_font.o(i.u8g2_font_decode_glyph)
    u8g2_font_decode_len                     0x08003fd9   Thumb Code   140  u8g2_font.o(i.u8g2_font_decode_len)
    u8g2_font_get_glyph_data                 0x08004065   Thumb Code   114  u8g2_font.o(i.u8g2_font_get_glyph_data)
    u8g2_is_intersection_decision_tree       0x0800411f   Thumb Code    24  u8g2_intersection.o(i.u8g2_is_intersection_decision_tree)
    u8g2_ll_hvline_vertical_top_lsb          0x08004137   Thumb Code   142  u8g2_ll_hvline.o(i.u8g2_ll_hvline_vertical_top_lsb)
    u8g2_m_16_8_f                            0x080041c5   Thumb Code     8  u8g2_d_memory.o(i.u8g2_m_16_8_f)
    u8g2_read_font_info                      0x080041d1   Thumb Code   106  u8g2_font.o(i.u8g2_read_font_info)
    u8g2_update_dimension_r0                 0x080042cf   Thumb Code     4  u8g2_setup.o(i.u8g2_update_dimension_r0)
    u8g2_update_page_win_r0                  0x080042d3   Thumb Code    34  u8g2_setup.o(i.u8g2_update_page_win_r0)
    u8x8_DrawTile                            0x080042f5   Thumb Code    30  u8x8_display.o(i.u8x8_DrawTile)
    u8x8_InitDisplay                         0x08004313   Thumb Code    16  u8x8_display.o(i.u8x8_InitDisplay)
    u8x8_RefreshDisplay                      0x08004323   Thumb Code    16  u8x8_display.o(i.u8x8_RefreshDisplay)
    u8x8_SetPowerSave                        0x08004333   Thumb Code    16  u8x8_display.o(i.u8x8_SetPowerSave)
    u8x8_Setup                               0x08004343   Thumb Code    34  u8x8_setup.o(i.u8x8_Setup)
    u8x8_SetupDefaults                       0x08004365   Thumb Code    32  u8x8_setup.o(i.u8x8_SetupDefaults)
    u8x8_SetupMemory                         0x08004389   Thumb Code    16  u8x8_display.o(i.u8x8_SetupMemory)
    u8x8_ascii_next                          0x08004399   Thumb Code    14  u8x8_8x8.o(i.u8x8_ascii_next)
    u8x8_byte_EndTransfer                    0x080043a7   Thumb Code    16  u8x8_byte.o(i.u8x8_byte_EndTransfer)
    u8x8_byte_SendByte                       0x080043b7   Thumb Code    14  u8x8_byte.o(i.u8x8_byte_SendByte)
    u8x8_byte_StartTransfer                  0x080043c5   Thumb Code    16  u8x8_byte.o(i.u8x8_byte_StartTransfer)
    u8x8_byte_hw_i2c                         0x080043d5   Thumb Code    98  stm32_u8g2.o(i.u8x8_byte_hw_i2c)
    u8x8_cad_EndTransfer                     0x08004445   Thumb Code    16  u8x8_cad.o(i.u8x8_cad_EndTransfer)
    u8x8_cad_SendArg                         0x08004455   Thumb Code    16  u8x8_cad.o(i.u8x8_cad_SendArg)
    u8x8_cad_SendCmd                         0x08004465   Thumb Code    16  u8x8_cad.o(i.u8x8_cad_SendCmd)
    u8x8_cad_SendData                        0x08004475   Thumb Code    16  u8x8_cad.o(i.u8x8_cad_SendData)
    u8x8_cad_SendSequence                    0x08004485   Thumb Code   104  u8x8_cad.o(i.u8x8_cad_SendSequence)
    u8x8_cad_StartTransfer                   0x080044ed   Thumb Code    16  u8x8_cad.o(i.u8x8_cad_StartTransfer)
    u8x8_cad_ssd13xx_fast_i2c                0x080044fd   Thumb Code   182  u8x8_cad.o(i.u8x8_cad_ssd13xx_fast_i2c)
    u8x8_d_helper_display_init               0x080045b9   Thumb Code    96  u8x8_display.o(i.u8x8_d_helper_display_init)
    u8x8_d_helper_display_setup_memory       0x08004619   Thumb Code    10  u8x8_display.o(i.u8x8_d_helper_display_setup_memory)
    u8x8_d_ssd1306_128x64_noname             0x08004625   Thumb Code    52  u8x8_d_ssd1306_128x64_noname.o(i.u8x8_d_ssd1306_128x64_noname)
    u8x8_dummy_cb                            0x08004729   Thumb Code     4  u8x8_setup.o(i.u8x8_dummy_cb)
    u8x8_gpio_and_delay                      0x0800472d   Thumb Code    98  stm32_u8g2.o(i.u8x8_gpio_and_delay)
    u8x8_gpio_call                           0x0800478f   Thumb Code    12  u8x8_gpio.o(i.u8x8_gpio_call)
    u8x8_utf8_init                           0x080047c7   Thumb Code     8  u8x8_8x8.o(i.u8x8_utf8_init)
    u8x8_utf8_next                           0x080047cf   Thumb Code   144  u8x8_8x8.o(i.u8x8_utf8_next)
    _get_lc_numeric                          0x08004861   Thumb Code    44  lc_numeric_c.o(locale$$code)
    __aeabi_ddiv                             0x0800488d   Thumb Code     0  ddiv.o(x$fpl$ddiv)
    _ddiv                                    0x0800488d   Thumb Code   552  ddiv.o(x$fpl$ddiv)
    __aeabi_i2d                              0x08004b3d   Thumb Code     0  dflt_clz.o(x$fpl$dflt)
    _dflt                                    0x08004b3d   Thumb Code    46  dflt_clz.o(x$fpl$dflt)
    __fpl_dnaninf                            0x08004b6b   Thumb Code   156  dnaninf.o(x$fpl$dnaninf)
    __fpl_dretinf                            0x08004c07   Thumb Code    12  dretinf.o(x$fpl$dretinf)
    _printf_fp_dec                           0x08004c13   Thumb Code     4  printf1.o(x$fpl$printf1)
    __I$use$fp                               0x08004c16   Number         0  usenofp.o(x$fpl$usenofp)
    AHBPrescTable                            0x08004ce8   Data          16  system_stm32f1xx.o(.constdata)
    APBPrescTable                            0x08004cf8   Data           8  system_stm32f1xx.o(.constdata)
    u8g2_font_ncenB12_tf                     0x08004d00   Data        3863  u8g2_fonts.o(.constdata)
    u8g2_cb_r0                               0x08005c18   Data          12  u8g2_setup.o(.constdata)
    Region$$Table$$Base                      0x08005e10   Number         0  anon$$obj.o(Region$$Table)
    Region$$Table$$Limit                     0x08005e30   Number         0  anon$$obj.o(Region$$Table)
    uwTickFreq                               0x20000000   Data           1  stm32f1xx_hal.o(.data)
    uwTickPrio                               0x20000004   Data           4  stm32f1xx_hal.o(.data)
    uwTick                                   0x20000008   Data           4  stm32f1xx_hal.o(.data)
    SystemCoreClock                          0x2000000c   Data           4  system_stm32f1xx.o(.data)
    hi2c1                                    0x20000018   Data          84  i2c.o(.bss)
    hi2c2                                    0x2000006c   Data          84  i2c.o(.bss)
    hdma_i2c1_rx                             0x200000c0   Data          68  i2c.o(.bss)
    hdma_i2c1_tx                             0x20000104   Data          68  i2c.o(.bss)
    htim1                                    0x20000148   Data          72  tim.o(.bss)
    huart1                                   0x20000190   Data          72  usart.o(.bss)
    __libspace_start                         0x20000658   Data          96  libspace.o(.bss)
    __temporary_stack_top$libspace           0x200006b8   Data           0  libspace.o(.bss)



==============================================================================

Memory Map of the image

  Image Entry point : 0x080000ed

  Load Region LR_IROM1 (Base: 0x08000000, Size: 0x00005e64, Max: 0x00010000, ABSOLUTE)

    Execution Region ER_IROM1 (Exec base: 0x08000000, Load base: 0x08000000, Size: 0x00005e4c, Max: 0x00010000, ABSOLUTE)

    Exec Addr    Load Addr    Size         Type   Attr      Idx    E Section Name        Object

    0x08000000   0x08000000   0x000000ec   Data   RO            3    RESET               startup_stm32f103xb.o
    0x080000ec   0x080000ec   0x00000008   Code   RO         8428  * !!!main             c_w.l(__main.o)
    0x080000f4   0x080000f4   0x00000034   Code   RO         8662    !!!scatter          c_w.l(__scatter.o)
    0x08000128   0x08000128   0x0000001a   Code   RO         8664    !!handler_copy      c_w.l(__scatter_copy.o)
    0x08000142   0x08000142   0x00000002   PAD
    0x08000144   0x08000144   0x0000001c   Code   RO         8666    !!handler_zi        c_w.l(__scatter_zi.o)
    0x08000160   0x08000160   0x00000000   Code   RO         8419    .ARM.Collect$$_printf_percent$$00000000  c_w.l(_printf_percent.o)
    0x08000160   0x08000160   0x00000006   Code   RO         8418    .ARM.Collect$$_printf_percent$$00000003  c_w.l(_printf_f.o)
    0x08000166   0x08000166   0x00000006   Code   RO         8417    .ARM.Collect$$_printf_percent$$00000009  c_w.l(_printf_d.o)
    0x0800016c   0x0800016c   0x00000004   Code   RO         8457    .ARM.Collect$$_printf_percent$$00000017  c_w.l(_printf_percent_end.o)
    0x08000170   0x08000170   0x00000002   Code   RO         8535    .ARM.Collect$$libinit$$00000000  c_w.l(libinit.o)
    0x08000172   0x08000172   0x00000000   Code   RO         8537    .ARM.Collect$$libinit$$00000002  c_w.l(libinit2.o)
    0x08000172   0x08000172   0x00000000   Code   RO         8539    .ARM.Collect$$libinit$$00000004  c_w.l(libinit2.o)
    0x08000172   0x08000172   0x00000000   Code   RO         8542    .ARM.Collect$$libinit$$0000000A  c_w.l(libinit2.o)
    0x08000172   0x08000172   0x00000000   Code   RO         8544    .ARM.Collect$$libinit$$0000000C  c_w.l(libinit2.o)
    0x08000172   0x08000172   0x00000000   Code   RO         8546    .ARM.Collect$$libinit$$0000000E  c_w.l(libinit2.o)
    0x08000172   0x08000172   0x00000006   Code   RO         8547    .ARM.Collect$$libinit$$0000000F  c_w.l(libinit2.o)
    0x08000178   0x08000178   0x00000000   Code   RO         8549    .ARM.Collect$$libinit$$00000011  c_w.l(libinit2.o)
    0x08000178   0x08000178   0x00000000   Code   RO         8551    .ARM.Collect$$libinit$$00000013  c_w.l(libinit2.o)
    0x08000178   0x08000178   0x00000000   Code   RO         8553    .ARM.Collect$$libinit$$00000015  c_w.l(libinit2.o)
    0x08000178   0x08000178   0x0000000a   Code   RO         8554    .ARM.Collect$$libinit$$00000016  c_w.l(libinit2.o)
    0x08000182   0x08000182   0x00000000   Code   RO         8555    .ARM.Collect$$libinit$$00000017  c_w.l(libinit2.o)
    0x08000182   0x08000182   0x00000000   Code   RO         8557    .ARM.Collect$$libinit$$00000019  c_w.l(libinit2.o)
    0x08000182   0x08000182   0x00000000   Code   RO         8559    .ARM.Collect$$libinit$$0000001B  c_w.l(libinit2.o)
    0x08000182   0x08000182   0x00000000   Code   RO         8561    .ARM.Collect$$libinit$$0000001D  c_w.l(libinit2.o)
    0x08000182   0x08000182   0x00000000   Code   RO         8563    .ARM.Collect$$libinit$$0000001F  c_w.l(libinit2.o)
    0x08000182   0x08000182   0x00000000   Code   RO         8565    .ARM.Collect$$libinit$$00000021  c_w.l(libinit2.o)
    0x08000182   0x08000182   0x00000000   Code   RO         8567    .ARM.Collect$$libinit$$00000023  c_w.l(libinit2.o)
    0x08000182   0x08000182   0x00000000   Code   RO         8569    .ARM.Collect$$libinit$$00000025  c_w.l(libinit2.o)
    0x08000182   0x08000182   0x00000000   Code   RO         8573    .ARM.Collect$$libinit$$0000002C  c_w.l(libinit2.o)
    0x08000182   0x08000182   0x00000000   Code   RO         8575    .ARM.Collect$$libinit$$0000002E  c_w.l(libinit2.o)
    0x08000182   0x08000182   0x00000000   Code   RO         8577    .ARM.Collect$$libinit$$00000030  c_w.l(libinit2.o)
    0x08000182   0x08000182   0x00000000   Code   RO         8579    .ARM.Collect$$libinit$$00000032  c_w.l(libinit2.o)
    0x08000182   0x08000182   0x00000002   Code   RO         8580    .ARM.Collect$$libinit$$00000033  c_w.l(libinit2.o)
    0x08000184   0x08000184   0x00000002   Code   RO         8610    .ARM.Collect$$libshutdown$$00000000  c_w.l(libshutdown.o)
    0x08000186   0x08000186   0x00000000   Code   RO         8621    .ARM.Collect$$libshutdown$$00000002  c_w.l(libshutdown2.o)
    0x08000186   0x08000186   0x00000000   Code   RO         8623    .ARM.Collect$$libshutdown$$00000004  c_w.l(libshutdown2.o)
    0x08000186   0x08000186   0x00000000   Code   RO         8626    .ARM.Collect$$libshutdown$$00000007  c_w.l(libshutdown2.o)
    0x08000186   0x08000186   0x00000000   Code   RO         8629    .ARM.Collect$$libshutdown$$0000000A  c_w.l(libshutdown2.o)
    0x08000186   0x08000186   0x00000000   Code   RO         8631    .ARM.Collect$$libshutdown$$0000000C  c_w.l(libshutdown2.o)
    0x08000186   0x08000186   0x00000000   Code   RO         8634    .ARM.Collect$$libshutdown$$0000000F  c_w.l(libshutdown2.o)
    0x08000186   0x08000186   0x00000002   Code   RO         8635    .ARM.Collect$$libshutdown$$00000010  c_w.l(libshutdown2.o)
    0x08000188   0x08000188   0x00000000   Code   RO         8448    .ARM.Collect$$rtentry$$00000000  c_w.l(__rtentry.o)
    0x08000188   0x08000188   0x00000000   Code   RO         8464    .ARM.Collect$$rtentry$$00000002  c_w.l(__rtentry2.o)
    0x08000188   0x08000188   0x00000006   Code   RO         8476    .ARM.Collect$$rtentry$$00000004  c_w.l(__rtentry4.o)
    0x0800018e   0x0800018e   0x00000000   Code   RO         8466    .ARM.Collect$$rtentry$$00000009  c_w.l(__rtentry2.o)
    0x0800018e   0x0800018e   0x00000004   Code   RO         8467    .ARM.Collect$$rtentry$$0000000A  c_w.l(__rtentry2.o)
    0x08000192   0x08000192   0x00000000   Code   RO         8469    .ARM.Collect$$rtentry$$0000000C  c_w.l(__rtentry2.o)
    0x08000192   0x08000192   0x00000008   Code   RO         8470    .ARM.Collect$$rtentry$$0000000D  c_w.l(__rtentry2.o)
    0x0800019a   0x0800019a   0x00000002   Code   RO         8581    .ARM.Collect$$rtexit$$00000000  c_w.l(rtexit.o)
    0x0800019c   0x0800019c   0x00000000   Code   RO         8588    .ARM.Collect$$rtexit$$00000002  c_w.l(rtexit2.o)
    0x0800019c   0x0800019c   0x00000004   Code   RO         8589    .ARM.Collect$$rtexit$$00000003  c_w.l(rtexit2.o)
    0x080001a0   0x080001a0   0x00000006   Code   RO         8590    .ARM.Collect$$rtexit$$00000004  c_w.l(rtexit2.o)
    0x080001a6   0x080001a6   0x00000002   PAD
    0x080001a8   0x080001a8   0x00000040   Code   RO            4    .text               startup_stm32f103xb.o
    0x080001e8   0x080001e8   0x00000028   Code   RO         8391    .text               c_w.l(noretval__2sprintf.o)
    0x08000210   0x08000210   0x00000078   Code   RO         8395    .text               c_w.l(_printf_dec.o)
    0x08000288   0x08000288   0x0000010e   Code   RO         8405    .text               c_w.l(__printf_wp.o)
    0x08000396   0x08000396   0x0000003e   Code   RO         8420    .text               c_w.l(strlen.o)
    0x080003d4   0x080003d4   0x00000044   Code   RO         8422    .text               c_w.l(rt_memclr.o)
    0x08000418   0x08000418   0x0000004e   Code   RO         8424    .text               c_w.l(rt_memclr_w.o)
    0x08000466   0x08000466   0x00000006   Code   RO         8426    .text               c_w.l(heapauxi.o)
    0x0800046c   0x0800046c   0x000000b2   Code   RO         8449    .text               c_w.l(_printf_intcommon.o)
    0x0800051e   0x0800051e   0x0000041a   Code   RO         8451    .text               c_w.l(_printf_fp_dec.o)
    0x08000938   0x08000938   0x00000030   Code   RO         8453    .text               c_w.l(_printf_char_common.o)
    0x08000968   0x08000968   0x0000000a   Code   RO         8455    .text               c_w.l(_sputc.o)
    0x08000972   0x08000972   0x00000002   PAD
    0x08000974   0x08000974   0x00000008   Code   RO         8481    .text               c_w.l(rt_locale_intlibspace.o)
    0x0800097c   0x0800097c   0x0000008a   Code   RO         8483    .text               c_w.l(lludiv10.o)
    0x08000a06   0x08000a06   0x00000002   PAD
    0x08000a08   0x08000a08   0x00000080   Code   RO         8485    .text               c_w.l(_printf_fp_infnan.o)
    0x08000a88   0x08000a88   0x000000dc   Code   RO         8489    .text               c_w.l(bigflt0.o)
    0x08000b64   0x08000b64   0x00000008   Code   RO         8521    .text               c_w.l(libspace.o)
    0x08000b6c   0x08000b6c   0x0000004a   Code   RO         8524    .text               c_w.l(sys_stackheap_outer.o)
    0x08000bb6   0x08000bb6   0x00000012   Code   RO         8526    .text               c_w.l(exit.o)
    0x08000bc8   0x08000bc8   0x00000080   Code   RO         8528    .text               c_w.l(strcmpv7m.o)
    0x08000c48   0x08000c48   0x0000000c   Code   RO         8600    .text               c_w.l(sys_exit.o)
    0x08000c54   0x08000c54   0x00000002   Code   RO         8611    .text               c_w.l(use_no_semi.o)
    0x08000c56   0x08000c56   0x00000000   Code   RO         8613    .text               c_w.l(indicate_semi.o)
    0x08000c56   0x08000c56   0x0000003e   Code   RO         8492    CL$$btod_d2e        c_w.l(btod.o)
    0x08000c94   0x08000c94   0x00000046   Code   RO         8494    CL$$btod_d2e_denorm_low  c_w.l(btod.o)
    0x08000cda   0x08000cda   0x00000060   Code   RO         8493    CL$$btod_d2e_norm_op1  c_w.l(btod.o)
    0x08000d3a   0x08000d3a   0x00000338   Code   RO         8502    CL$$btod_div_common  c_w.l(btod.o)
    0x08001072   0x08001072   0x000000c6   Code   RO         8499    CL$$btod_e2e        c_w.l(btod.o)
    0x08001138   0x08001138   0x00000028   Code   RO         8496    CL$$btod_ediv       c_w.l(btod.o)
    0x08001160   0x08001160   0x00000028   Code   RO         8495    CL$$btod_emul       c_w.l(btod.o)
    0x08001188   0x08001188   0x00000244   Code   RO         8501    CL$$btod_mult_common  c_w.l(btod.o)
    0x080013cc   0x080013cc   0x00000076   Code   RO           13    i.AHT20_Init        myi2c.o
    0x08001442   0x08001442   0x00000002   PAD
    0x08001444   0x08001444   0x00000060   Code   RO           14    i.AHT20_RD_Byte     myi2c.o
    0x080014a4   0x080014a4   0x000000de   Code   RO           15    i.AHT20_Read_CTdata  myi2c.o
    0x08001582   0x08001582   0x00000022   Code   RO           18    i.AHT20_Read_Status  myi2c.o
    0x080015a4   0x080015a4   0x00000036   Code   RO           19    i.AHT20_SendAC      myi2c.o
    0x080015da   0x080015da   0x0000004a   Code   RO           21    i.AHT20_WR_Byte     myi2c.o
    0x08001624   0x08001624   0x00000002   Code   RO          558    i.BusFault_Handler  stm32f1xx_it.o
    0x08001626   0x08001626   0x00000002   PAD
    0x08001628   0x08001628   0x0000000c   Code   RO          559    i.DMA1_Channel6_IRQHandler  stm32f1xx_it.o
    0x08001634   0x08001634   0x0000000c   Code   RO          560    i.DMA1_Channel7_IRQHandler  stm32f1xx_it.o
    0x08001640   0x08001640   0x00000002   Code   RO          561    i.DebugMon_Handler  stm32f1xx_it.o
    0x08001642   0x08001642   0x00000016   Code   RO           23    i.Delay_1ms         myi2c.o
    0x08001658   0x08001658   0x0000001e   Code   RO           24    i.Delay_4us         myi2c.o
    0x08001676   0x08001676   0x00000024   Code   RO           25    i.Delay_5us         myi2c.o
    0x0800169a   0x0800169a   0x00000006   Code   RO           26    i.Delay_N10us       myi2c.o
    0x080016a0   0x080016a0   0x00000004   Code   RO          283    i.Error_Handler     main.o
    0x080016a4   0x080016a4   0x00000046   Code   RO         1530    i.HAL_DMA_Abort     stm32f1xx_hal_dma.o
    0x080016ea   0x080016ea   0x00000002   PAD
    0x080016ec   0x080016ec   0x00000098   Code   RO         1531    i.HAL_DMA_Abort_IT  stm32f1xx_hal_dma.o
    0x08001784   0x08001784   0x00000154   Code   RO         1535    i.HAL_DMA_IRQHandler  stm32f1xx_hal_dma.o
    0x080018d8   0x080018d8   0x0000005c   Code   RO         1536    i.HAL_DMA_Init      stm32f1xx_hal_dma.o
    0x08001934   0x08001934   0x00000024   Code   RO         1156    i.HAL_Delay         stm32f1xx_hal.o
    0x08001958   0x08001958   0x000001e0   Code   RO         1466    i.HAL_GPIO_Init     stm32f1xx_hal_gpio.o
    0x08001b38   0x08001b38   0x0000000a   Code   RO         1468    i.HAL_GPIO_ReadPin  stm32f1xx_hal_gpio.o
    0x08001b42   0x08001b42   0x0000000a   Code   RO         1470    i.HAL_GPIO_WritePin  stm32f1xx_hal_gpio.o
    0x08001b4c   0x08001b4c   0x0000000c   Code   RO         1160    i.HAL_GetTick       stm32f1xx_hal.o
    0x08001b58   0x08001b58   0x00000188   Code   RO          723    i.HAL_I2C_Init      stm32f1xx_hal_i2c.o
    0x08001ce0   0x08001ce0   0x0000012c   Code   RO          736    i.HAL_I2C_Master_Transmit  stm32f1xx_hal_i2c.o
    0x08001e0c   0x08001e0c   0x000000f8   Code   RO          427    i.HAL_I2C_MspInit   i2c.o
    0x08001f04   0x08001f04   0x00000010   Code   RO         1166    i.HAL_IncTick       stm32f1xx_hal.o
    0x08001f14   0x08001f14   0x00000024   Code   RO         1167    i.HAL_Init          stm32f1xx_hal.o
    0x08001f38   0x08001f38   0x00000040   Code   RO         1168    i.HAL_InitTick      stm32f1xx_hal.o
    0x08001f78   0x08001f78   0x0000003c   Code   RO          652    i.HAL_MspInit       stm32f1xx_hal_msp.o
    0x08001fb4   0x08001fb4   0x0000001a   Code   RO         1626    i.HAL_NVIC_EnableIRQ  stm32f1xx_hal_cortex.o
    0x08001fce   0x08001fce   0x00000002   PAD
    0x08001fd0   0x08001fd0   0x00000040   Code   RO         1632    i.HAL_NVIC_SetPriority  stm32f1xx_hal_cortex.o
    0x08002010   0x08002010   0x00000024   Code   RO         1633    i.HAL_NVIC_SetPriorityGrouping  stm32f1xx_hal_cortex.o
    0x08002034   0x08002034   0x0000012c   Code   RO         1324    i.HAL_RCC_ClockConfig  stm32f1xx_hal_rcc.o
    0x08002160   0x08002160   0x00000020   Code   RO         1331    i.HAL_RCC_GetPCLK1Freq  stm32f1xx_hal_rcc.o
    0x08002180   0x08002180   0x00000020   Code   RO         1332    i.HAL_RCC_GetPCLK2Freq  stm32f1xx_hal_rcc.o
    0x080021a0   0x080021a0   0x0000004c   Code   RO         1333    i.HAL_RCC_GetSysClockFreq  stm32f1xx_hal_rcc.o
    0x080021ec   0x080021ec   0x00000320   Code   RO         1336    i.HAL_RCC_OscConfig  stm32f1xx_hal_rcc.o
    0x0800250c   0x0800250c   0x00000028   Code   RO         1637    i.HAL_SYSTICK_Config  stm32f1xx_hal_cortex.o
    0x08002534   0x08002534   0x00000068   Code   RO         2851    i.HAL_TIMEx_MasterConfigSynchronization  stm32f1xx_hal_tim_ex.o
    0x0800259c   0x0800259c   0x0000005a   Code   RO         2128    i.HAL_TIM_Base_Init  stm32f1xx_hal_tim.o
    0x080025f6   0x080025f6   0x00000002   PAD
    0x080025f8   0x080025f8   0x00000028   Code   RO          475    i.HAL_TIM_Base_MspInit  tim.o
    0x08002620   0x08002620   0x000000dc   Code   RO         2137    i.HAL_TIM_ConfigClockSource  stm32f1xx_hal_tim.o
    0x080026fc   0x080026fc   0x00000002   Code   RO         3111    i.HAL_UARTEx_RxEventCallback  stm32f1xx_hal_uart.o
    0x080026fe   0x080026fe   0x00000002   Code   RO         3125    i.HAL_UART_ErrorCallback  stm32f1xx_hal_uart.o
    0x08002700   0x08002700   0x0000026c   Code   RO         3128    i.HAL_UART_IRQHandler  stm32f1xx_hal_uart.o
    0x0800296c   0x0800296c   0x00000064   Code   RO         3129    i.HAL_UART_Init     stm32f1xx_hal_uart.o
    0x080029d0   0x080029d0   0x00000080   Code   RO          517    i.HAL_UART_MspInit  usart.o
    0x08002a50   0x08002a50   0x00000002   Code   RO         3135    i.HAL_UART_RxCpltCallback  stm32f1xx_hal_uart.o
    0x08002a52   0x08002a52   0x000000a0   Code   RO         3137    i.HAL_UART_Transmit  stm32f1xx_hal_uart.o
    0x08002af2   0x08002af2   0x00000002   Code   RO         3140    i.HAL_UART_TxCpltCallback  stm32f1xx_hal_uart.o
    0x08002af4   0x08002af4   0x00000002   Code   RO          562    i.HardFault_Handler  stm32f1xx_it.o
    0x08002af6   0x08002af6   0x0000002e   Code   RO          766    i.I2C_IsAcknowledgeFailed  stm32f1xx_hal_i2c.o
    0x08002b24   0x08002b24   0x0000009c   Code   RO          770    i.I2C_MasterRequestWrite  stm32f1xx_hal_i2c.o
    0x08002bc0   0x08002bc0   0x0000002e   Code   RO           27    i.I2C_Start         myi2c.o
    0x08002bee   0x08002bee   0x00000056   Code   RO          781    i.I2C_WaitOnBTFFlagUntilTimeout  stm32f1xx_hal_i2c.o
    0x08002c44   0x08002c44   0x00000090   Code   RO          782    i.I2C_WaitOnFlagUntilTimeout  stm32f1xx_hal_i2c.o
    0x08002cd4   0x08002cd4   0x000000bc   Code   RO          783    i.I2C_WaitOnMasterAddressFlagUntilTimeout  stm32f1xx_hal_i2c.o
    0x08002d90   0x08002d90   0x00000056   Code   RO          785    i.I2C_WaitOnTXEFlagUntilTimeout  stm32f1xx_hal_i2c.o
    0x08002de6   0x08002de6   0x00000002   PAD
    0x08002de8   0x08002de8   0x00000044   Code   RO           28    i.Init_I2C_Sensor_Port  myi2c.o
    0x08002e2c   0x08002e2c   0x0000003c   Code   RO          402    i.MX_DMA_Init       dma.o
    0x08002e68   0x08002e68   0x00000080   Code   RO          378    i.MX_GPIO_Init      gpio.o
    0x08002ee8   0x08002ee8   0x00000040   Code   RO          428    i.MX_I2C1_Init      i2c.o
    0x08002f28   0x08002f28   0x00000040   Code   RO          429    i.MX_I2C2_Init      i2c.o
    0x08002f68   0x08002f68   0x00000068   Code   RO          476    i.MX_TIM1_Init      tim.o
    0x08002fd0   0x08002fd0   0x00000038   Code   RO          518    i.MX_USART1_UART_Init  usart.o
    0x08003008   0x08003008   0x00000002   Code   RO          563    i.MemManage_Handler  stm32f1xx_it.o
    0x0800300a   0x0800300a   0x00000002   Code   RO          564    i.NMI_Handler       stm32f1xx_it.o
    0x0800300c   0x0800300c   0x000000fc   Code   RO          284    i.Oled_write_init   main.o
    0x08003108   0x08003108   0x00000002   Code   RO          565    i.PendSV_Handler    stm32f1xx_it.o
    0x0800310a   0x0800310a   0x00000002   PAD
    0x0800310c   0x0800310c   0x0000004c   Code   RO           30    i.Receive_ACK       myi2c.o
    0x08003158   0x08003158   0x00000010   Code   RO           31    i.SCL_Pin_Output_High  myi2c.o
    0x08003168   0x08003168   0x00000010   Code   RO           32    i.SCL_Pin_Output_Low  myi2c.o
    0x08003178   0x08003178   0x0000001c   Code   RO           33    i.SDA_Pin_IN_FLOATING  myi2c.o
    0x08003194   0x08003194   0x00000028   Code   RO           34    i.SDA_Pin_Output_High  myi2c.o
    0x080031bc   0x080031bc   0x00000028   Code   RO           35    i.SDA_Pin_Output_Low  myi2c.o
    0x080031e4   0x080031e4   0x00000002   Code   RO          566    i.SVC_Handler       stm32f1xx_it.o
    0x080031e6   0x080031e6   0x00000038   Code   RO           36    i.Send_ACK          myi2c.o
    0x0800321e   0x0800321e   0x00000038   Code   RO           37    i.Send_NOT_ACK      myi2c.o
    0x08003256   0x08003256   0x00000014   Code   RO           38    i.SensorDelay_us    myi2c.o
    0x0800326a   0x0800326a   0x00000024   Code   RO           39    i.Stop_I2C          myi2c.o
    0x0800328e   0x0800328e   0x00000004   Code   RO          567    i.SysTick_Handler   stm32f1xx_it.o
    0x08003292   0x08003292   0x0000005e   Code   RO          285    i.SystemClock_Config  main.o
    0x080032f0   0x080032f0   0x00000002   Code   RO         3463    i.SystemInit        system_stm32f1xx.o
    0x080032f2   0x080032f2   0x00000002   PAD
    0x080032f4   0x080032f4   0x00000078   Code   RO         2221    i.TIM_Base_SetConfig  stm32f1xx_hal_tim.o
    0x0800336c   0x0800336c   0x00000014   Code   RO         2232    i.TIM_ETR_SetConfig  stm32f1xx_hal_tim.o
    0x08003380   0x08003380   0x00000010   Code   RO         2233    i.TIM_ITRx_SetConfig  stm32f1xx_hal_tim.o
    0x08003390   0x08003390   0x00000022   Code   RO         2239    i.TIM_TI1_ConfigInputStage  stm32f1xx_hal_tim.o
    0x080033b2   0x080033b2   0x00000024   Code   RO         2241    i.TIM_TI2_ConfigInputStage  stm32f1xx_hal_tim.o
    0x080033d6   0x080033d6   0x00000010   Code   RO         3142    i.UART_DMAAbortOnError  stm32f1xx_hal_uart.o
    0x080033e6   0x080033e6   0x0000004e   Code   RO         3152    i.UART_EndRxTransfer  stm32f1xx_hal_uart.o
    0x08003434   0x08003434   0x000000c2   Code   RO         3154    i.UART_Receive_IT   stm32f1xx_hal_uart.o
    0x080034f6   0x080034f6   0x00000002   PAD
    0x080034f8   0x080034f8   0x000000b8   Code   RO         3155    i.UART_SetConfig    stm32f1xx_hal_uart.o
    0x080035b0   0x080035b0   0x00000072   Code   RO         3158    i.UART_WaitOnFlagUntilTimeout  stm32f1xx_hal_uart.o
    0x08003622   0x08003622   0x00000002   PAD
    0x08003624   0x08003624   0x0000000c   Code   RO          568    i.USART1_IRQHandler  stm32f1xx_it.o
    0x08003630   0x08003630   0x00000002   Code   RO          569    i.UsageFault_Handler  stm32f1xx_it.o
    0x08003632   0x08003632   0x00000028   Code   RO         8519    i.__ARM_fpclassify  m_ws.l(fpclassify.o)
    0x0800365a   0x0800365a   0x00000020   Code   RO         1639    i.__NVIC_SetPriority  stm32f1xx_hal_cortex.o
    0x0800367a   0x0800367a   0x0000000e   Code   RO         8407    i._is_digit         c_w.l(__printf_wp.o)
    0x08003688   0x08003688   0x0000017c   Code   RO          286    i.main              main.o
    0x08003804   0x08003804   0x00000104   Code   RO          287    i.oled_write        main.o
    0x08003908   0x08003908   0x00000020   Code   RO          288    i.transmit          main.o
    0x08003928   0x08003928   0x00000034   Code   RO         8262    i.u8g2Init          stm32_u8g2.o
    0x0800395c   0x0800395c   0x00000012   Code   RO         4271    i.u8g2_ClearBuffer  u8g2_buffer.o
    0x0800396e   0x0800396e   0x00000070   Code   RO         4486    i.u8g2_DrawGlyph    u8g2_font.o
    0x080039de   0x080039de   0x00000002   PAD
    0x080039e0   0x080039e0   0x000000ac   Code   RO         6794    i.u8g2_DrawHVLine   u8g2_hvline.o
    0x08003a8c   0x08003a8c   0x000000ac   Code   RO         4195    i.u8g2_DrawHXBMP    u8g2_bitmap.o
    0x08003b38   0x08003b38   0x00000010   Code   RO         4488    i.u8g2_DrawStr      u8g2_font.o
    0x08003b48   0x08003b48   0x00000010   Code   RO         4490    i.u8g2_DrawUTF8     u8g2_font.o
    0x08003b58   0x08003b58   0x0000004c   Code   RO         4198    i.u8g2_DrawXBMP     u8g2_bitmap.o
    0x08003ba4   0x08003ba4   0x00000030   Code   RO         6855    i.u8g2_IsIntersection  u8g2_intersection.o
    0x08003bd4   0x08003bd4   0x00000012   Code   RO         4274    i.u8g2_SendBuffer   u8g2_buffer.o
    0x08003be6   0x08003be6   0x00000020   Code   RO         4506    i.u8g2_SetFont      u8g2_font.o
    0x08003c06   0x08003c06   0x00000002   PAD
    0x08003c08   0x08003c08   0x0000000c   Code   RO         4509    i.u8g2_SetFontPosBaseline  u8g2_font.o
    0x08003c14   0x08003c14   0x0000001c   Code   RO         7043    i.u8g2_SetMaxClipWindow  u8g2_setup.o
    0x08003c30   0x08003c30   0x00000046   Code   RO         7044    i.u8g2_SetupBuffer  u8g2_setup.o
    0x08003c76   0x08003c76   0x00000002   PAD
    0x08003c78   0x08003c78   0x00000038   Code   RO         4463    i.u8g2_Setup_ssd1306_i2c_128x64_noname_f  u8g2_d_setup.o
    0x08003cb0   0x08003cb0   0x00000052   Code   RO         4516    i.u8g2_UpdateRefHeight  u8g2_font.o
    0x08003d02   0x08003d02   0x0000001c   Code   RO         4517    i.u8g2_add_vector_x  u8g2_font.o
    0x08003d1e   0x08003d1e   0x0000001c   Code   RO         4518    i.u8g2_add_vector_y  u8g2_font.o
    0x08003d3a   0x08003d3a   0x0000006e   Code   RO         7046    i.u8g2_apply_clip_window  u8g2_setup.o
    0x08003da8   0x08003da8   0x0000003c   Code   RO         6798    i.u8g2_clip_intersection2  u8g2_hvline.o
    0x08003de4   0x08003de4   0x00000012   Code   RO         6799    i.u8g2_draw_hv_line_2dir  u8g2_hvline.o
    0x08003df6   0x08003df6   0x0000000c   Code   RO         7048    i.u8g2_draw_l90_r0  u8g2_setup.o
    0x08003e02   0x08003e02   0x00000076   Code   RO         4519    i.u8g2_draw_string  u8g2_font.o
    0x08003e78   0x08003e78   0x00000004   Code   RO         4525    i.u8g2_font_calc_vref_font  u8g2_font.o
    0x08003e7c   0x08003e7c   0x00000014   Code   RO         4527    i.u8g2_font_decode_get_signed_bits  u8g2_font.o
    0x08003e90   0x08003e90   0x00000034   Code   RO         4528    i.u8g2_font_decode_get_unsigned_bits  u8g2_font.o
    0x08003ec4   0x08003ec4   0x00000114   Code   RO         4529    i.u8g2_font_decode_glyph  u8g2_font.o
    0x08003fd8   0x08003fd8   0x0000008c   Code   RO         4530    i.u8g2_font_decode_len  u8g2_font.o
    0x08004064   0x08004064   0x00000072   Code   RO         4531    i.u8g2_font_get_glyph_data  u8g2_font.o
    0x080040d6   0x080040d6   0x00000014   Code   RO         4532    i.u8g2_font_get_word  u8g2_font.o
    0x080040ea   0x080040ea   0x00000034   Code   RO         4533    i.u8g2_font_setup_decode  u8g2_font.o
    0x0800411e   0x0800411e   0x00000018   Code   RO         6856    i.u8g2_is_intersection_decision_tree  u8g2_intersection.o
    0x08004136   0x08004136   0x0000008e   Code   RO         6904    i.u8g2_ll_hvline_vertical_top_lsb  u8g2_ll_hvline.o
    0x080041c4   0x080041c4   0x0000000c   Code   RO         4447    i.u8g2_m_16_8_f     u8g2_d_memory.o
    0x080041d0   0x080041d0   0x0000006a   Code   RO         4534    i.u8g2_read_font_info  u8g2_font.o
    0x0800423a   0x0800423a   0x0000004e   Code   RO         4282    i.u8g2_send_buffer  u8g2_buffer.o
    0x08004288   0x08004288   0x00000046   Code   RO         7053    i.u8g2_update_dimension_common  u8g2_setup.o
    0x080042ce   0x080042ce   0x00000004   Code   RO         7054    i.u8g2_update_dimension_r0  u8g2_setup.o
    0x080042d2   0x080042d2   0x00000022   Code   RO         7058    i.u8g2_update_page_win_r0  u8g2_setup.o
    0x080042f4   0x080042f4   0x0000001e   Code   RO         7832    i.u8x8_DrawTile     u8x8_display.o
    0x08004312   0x08004312   0x00000010   Code   RO         7834    i.u8x8_InitDisplay  u8x8_display.o
    0x08004322   0x08004322   0x00000010   Code   RO         7836    i.u8x8_RefreshDisplay  u8x8_display.o
    0x08004332   0x08004332   0x00000010   Code   RO         7839    i.u8x8_SetPowerSave  u8x8_display.o
    0x08004342   0x08004342   0x00000022   Code   RO         8138    i.u8x8_Setup        u8x8_setup.o
    0x08004364   0x08004364   0x00000024   Code   RO         8139    i.u8x8_SetupDefaults  u8x8_setup.o
    0x08004388   0x08004388   0x00000010   Code   RO         7840    i.u8x8_SetupMemory  u8x8_display.o
    0x08004398   0x08004398   0x0000000e   Code   RO         7393    i.u8x8_ascii_next   u8x8_8x8.o
    0x080043a6   0x080043a6   0x00000010   Code   RO         7519    i.u8x8_byte_EndTransfer  u8x8_byte.o
    0x080043b6   0x080043b6   0x0000000e   Code   RO         7520    i.u8x8_byte_SendByte  u8x8_byte.o
    0x080043c4   0x080043c4   0x00000010   Code   RO         7523    i.u8x8_byte_StartTransfer  u8x8_byte.o
    0x080043d4   0x080043d4   0x00000070   Code   RO         8263    i.u8x8_byte_hw_i2c  stm32_u8g2.o
    0x08004444   0x08004444   0x00000010   Code   RO         7639    i.u8x8_cad_EndTransfer  u8x8_cad.o
    0x08004454   0x08004454   0x00000010   Code   RO         7640    i.u8x8_cad_SendArg  u8x8_cad.o
    0x08004464   0x08004464   0x00000010   Code   RO         7641    i.u8x8_cad_SendCmd  u8x8_cad.o
    0x08004474   0x08004474   0x00000010   Code   RO         7642    i.u8x8_cad_SendData  u8x8_cad.o
    0x08004484   0x08004484   0x00000068   Code   RO         7644    i.u8x8_cad_SendSequence  u8x8_cad.o
    0x080044ec   0x080044ec   0x00000010   Code   RO         7645    i.u8x8_cad_StartTransfer  u8x8_cad.o
    0x080044fc   0x080044fc   0x000000bc   Code   RO         7648    i.u8x8_cad_ssd13xx_fast_i2c  u8x8_cad.o
    0x080045b8   0x080045b8   0x00000060   Code   RO         7841    i.u8x8_d_helper_display_init  u8x8_display.o
    0x08004618   0x08004618   0x0000000a   Code   RO         7842    i.u8x8_d_helper_display_setup_memory  u8x8_display.o
    0x08004622   0x08004622   0x00000002   PAD
    0x08004624   0x08004624   0x0000003c   Code   RO         7308    i.u8x8_d_ssd1306_128x64_noname  u8x8_d_ssd1306_128x64_noname.o
    0x08004660   0x08004660   0x000000c8   Code   RO         7310    i.u8x8_d_ssd1306_sh1106_generic  u8x8_d_ssd1306_128x64_noname.o
    0x08004728   0x08004728   0x00000004   Code   RO         8141    i.u8x8_dummy_cb     u8x8_setup.o
    0x0800472c   0x0800472c   0x00000062   Code   RO         8264    i.u8x8_gpio_and_delay  stm32_u8g2.o
    0x0800478e   0x0800478e   0x0000000c   Code   RO         8060    i.u8x8_gpio_call    u8x8_gpio.o
    0x0800479a   0x0800479a   0x0000002c   Code   RO         7656    i.u8x8_i2c_data_transfer  u8x8_cad.o
    0x080047c6   0x080047c6   0x00000008   Code   RO         7401    i.u8x8_utf8_init    u8x8_8x8.o
    0x080047ce   0x080047ce   0x00000090   Code   RO         7402    i.u8x8_utf8_next    u8x8_8x8.o
    0x0800485e   0x0800485e   0x00000002   PAD
    0x08004860   0x08004860   0x0000002c   Code   RO         8515    locale$$code        c_w.l(lc_numeric_c.o)
    0x0800488c   0x0800488c   0x000002b0   Code   RO         8431    x$fpl$ddiv          fz_ws.l(ddiv.o)
    0x08004b3c   0x08004b3c   0x0000002e   Code   RO         8439    x$fpl$dflt          fz_ws.l(dflt_clz.o)
    0x08004b6a   0x08004b6a   0x0000009c   Code   RO         8458    x$fpl$dnaninf       fz_ws.l(dnaninf.o)
    0x08004c06   0x08004c06   0x0000000c   Code   RO         8460    x$fpl$dretinf       fz_ws.l(dretinf.o)
    0x08004c12   0x08004c12   0x00000004   Code   RO         8446    x$fpl$printf1       fz_ws.l(printf1.o)
    0x08004c16   0x08004c16   0x00000000   Code   RO         8462    x$fpl$usenofp       fz_ws.l(usenofp.o)
    0x08004c16   0x08004c16   0x000000c0   Data   RO          289    .constdata          main.o
    0x08004cd6   0x08004cd6   0x00000012   Data   RO         1337    .constdata          stm32f1xx_hal_rcc.o
    0x08004ce8   0x08004ce8   0x00000010   Data   RO         3464    .constdata          system_stm32f1xx.o
    0x08004cf8   0x08004cf8   0x00000008   Data   RO         3465    .constdata          system_stm32f1xx.o
    0x08004d00   0x08004d00   0x00000f17   Data   RO         6138    .constdata          u8g2_fonts.o
    0x08005c17   0x08005c17   0x00000001   PAD
    0x08005c18   0x08005c18   0x0000000c   Data   RO         7062    .constdata          u8g2_setup.o
    0x08005c24   0x08005c24   0x00000158   Data   RO         7312    .constdata          u8x8_d_ssd1306_128x64_noname.o
    0x08005d7c   0x08005d7c   0x00000094   Data   RO         8490    .constdata          c_w.l(bigflt0.o)
    0x08005e10   0x08005e10   0x00000020   Data   RO         8660    Region$$Table       anon$$obj.o
    0x08005e30   0x08005e30   0x0000001c   Data   RO         8514    locale$$data        c_w.l(lc_numeric_c.o)


    Execution Region RW_IRAM1 (Exec base: 0x20000000, Load base: 0x08005e4c, Size: 0x00000cb8, Max: 0x00005000, ABSOLUTE)

    Exec Addr    Load Addr    Size         Type   Attr      Idx    E Section Name        Object

    0x20000000   0x08005e4c   0x0000000c   Data   RW         1174    .data               stm32f1xx_hal.o
    0x2000000c   0x08005e58   0x00000004   Data   RW         3466    .data               system_stm32f1xx.o
    0x20000010   0x08005e5c   0x00000006   Data   RW         7658    .data               u8x8_cad.o
    0x20000016   0x08005e62   0x00000001   Data   RW         8266    .data               stm32_u8g2.o
    0x20000017   0x08005e63   0x00000001   PAD
    0x20000018        -       0x00000130   Zero   RW          430    .bss                i2c.o
    0x20000148        -       0x00000048   Zero   RW          477    .bss                tim.o
    0x20000190        -       0x00000048   Zero   RW          519    .bss                usart.o
    0x200001d8        -       0x00000400   Zero   RW         4448    .bss                u8g2_d_memory.o
    0x200005d8        -       0x00000080   Zero   RW         8265    .bss                stm32_u8g2.o
    0x20000658        -       0x00000060   Zero   RW         8522    .bss                c_w.l(libspace.o)
    0x200006b8        -       0x00000200   Zero   RW            2    HEAP                startup_stm32f103xb.o
    0x200008b8        -       0x00000400   Zero   RW            1    STACK               startup_stm32f103xb.o


==============================================================================

Image component sizes


      Code (inc. data)   RO Data    RW Data    ZI Data      Debug   Object Name

        60          4          0          0          0        730   dma.o
       128         10          0          0          0        911   gpio.o
       376         54          0          0        304       2400   i2c.o
      1022        110        192          0          0     168056   main.o
      1190         40          0          0          0     445039   myi2c.o
        64         26        236          0       1536        792   startup_stm32f103xb.o
       262         28          0          1        128       2288   stm32_u8g2.o
       164         28          0         12          0       5761   stm32f1xx_hal.o
       198         14          0          0          0      28839   stm32f1xx_hal_cortex.o
       654         36          0          0          0       3303   stm32f1xx_hal_dma.o
       500         34          0          0          0       3447   stm32f1xx_hal_gpio.o
      1398         32          0          0          0       8949   stm32f1xx_hal_i2c.o
        60          8          0          0          0        838   stm32f1xx_hal_msp.o
      1240         84         18          0          0       5020   stm32f1xx_hal_rcc.o
       536         12          0          0          0       5931   stm32f1xx_hal_tim.o
       104         12          0          0          0       1324   stm32f1xx_hal_tim_ex.o
      1474         10          0          0          0       9868   stm32f1xx_hal_uart.o
        56         18          0          0          0       5000   stm32f1xx_it.o
         2          0         24          4          0       1067   system_stm32f1xx.o
       144         18          0          0         72       1554   tim.o
       248          0          0          0          0       2165   u8g2_bitmap.o
       114          0          0          0          0       2307   u8g2_buffer.o
        12          4          0          0       1024        760   u8g2_d_memory.o
        56         14          0          0          0        985   u8g2_d_setup.o
      1228         14          0          0          0      13685   u8g2_font.o
         0          0       3863          0          0     149475   u8g2_fonts.o
       250          0          0          0          0       2283   u8g2_hvline.o
        72          0          0          0          0       1763   u8g2_intersection.o
       142          0          0          0          0       1282   u8g2_ll_hvline.o
       328          0         12          0          0     150199   u8g2_setup.o
       166          0          0          0          0       2398   u8x8_8x8.o
        46          0          0          0          0       1535   u8x8_byte.o
       416         12          0          6          0       8252   u8x8_cad.o
       260         12        344          0          0       2935   u8x8_d_ssd1306_128x64_noname.o
       200          0          0          0          0       3990   u8x8_display.o
        12          0          0          0          0        541   u8x8_gpio.o
        74          4          0          0          0       1614   u8x8_setup.o
       184         20          0          0         72       1622   usart.o

    ----------------------------------------------------------------------
     13470        658       4722         24       3136    1048908   Object Totals
         0          0         32          0          0          0   (incl. Generated)
        30          0          1          1          0          0   (incl. Padding)

    ----------------------------------------------------------------------

      Code (inc. data)   RO Data    RW Data    ZI Data      Debug   Library Member Name

         8          0          0          0          0         68   __main.o
       284          0          0          0          0        156   __printf_wp.o
         0          0          0          0          0          0   __rtentry.o
        12          0          0          0          0          0   __rtentry2.o
         6          0          0          0          0          0   __rtentry4.o
        52          8          0          0          0          0   __scatter.o
        26          0          0          0          0          0   __scatter_copy.o
        28          0          0          0          0          0   __scatter_zi.o
        48          6          0          0          0         96   _printf_char_common.o
         6          0          0          0          0          0   _printf_d.o
       120         16          0          0          0         92   _printf_dec.o
         6          0          0          0          0          0   _printf_f.o
      1050          0          0          0          0        216   _printf_fp_dec.o
       128         16          0          0          0         84   _printf_fp_infnan.o
       178          0          0          0          0         88   _printf_intcommon.o
         0          0          0          0          0          0   _printf_percent.o
         4          0          0          0          0          0   _printf_percent_end.o
        10          0          0          0          0         68   _sputc.o
       220          4        148          0          0         96   bigflt0.o
      1910        128          0          0          0        672   btod.o
        18          0          0          0          0         80   exit.o
         6          0          0          0          0        152   heapauxi.o
         0          0          0          0          0          0   indicate_semi.o
        44         10         28          0          0         76   lc_numeric_c.o
         2          0          0          0          0          0   libinit.o
        18          0          0          0          0          0   libinit2.o
         2          0          0          0          0          0   libshutdown.o
         2          0          0          0          0          0   libshutdown2.o
         8          4          0          0         96         68   libspace.o
       138          0          0          0          0         80   lludiv10.o
        40          6          0          0          0         84   noretval__2sprintf.o
         8          4          0          0          0         68   rt_locale_intlibspace.o
        68          0          0          0          0         68   rt_memclr.o
        78          0          0          0          0         80   rt_memclr_w.o
         2          0          0          0          0          0   rtexit.o
        10          0          0          0          0          0   rtexit2.o
       128          0          0          0          0         68   strcmpv7m.o
        62          0          0          0          0         76   strlen.o
        12          4          0          0          0         68   sys_exit.o
        74          0          0          0          0         80   sys_stackheap_outer.o
         2          0          0          0          0         68   use_no_semi.o
       688        140          0          0          0        208   ddiv.o
        46          0          0          0          0         68   dflt_clz.o
       156          4          0          0          0         92   dnaninf.o
        12          0          0          0          0         68   dretinf.o
         4          0          0          0          0         68   printf1.o
         0          0          0          0          0          0   usenofp.o
        40          0          0          0          0         68   fpclassify.o

    ----------------------------------------------------------------------
      5772        350        176          0         96       3324   Library Totals
         8          0          0          0          0          0   (incl. Padding)

    ----------------------------------------------------------------------

      Code (inc. data)   RO Data    RW Data    ZI Data      Debug   Library Name

      4818        206        176          0         96       2752   c_w.l
       906        144          0          0          0        504   fz_ws.l
        40          0          0          0          0         68   m_ws.l

    ----------------------------------------------------------------------
      5772        350        176          0         96       3324   Library Totals

    ----------------------------------------------------------------------

==============================================================================


      Code (inc. data)   RO Data    RW Data    ZI Data      Debug   

     19242       1008       4898         24       3232    1042036   Grand Totals
     19242       1008       4898         24       3232    1042036   ELF Image Totals
     19242       1008       4898         24          0          0   ROM Totals

==============================================================================

    Total RO  Size (Code + RO Data)                24140 (  23.57kB)
    Total RW  Size (RW Data + ZI Data)              3256 (   3.18kB)
    Total ROM Size (Code + RO Data + RW Data)      24164 (  23.60kB)

==============================================================================

